<html>
<body>
<pre>
<h1>µVision Build Log</h1>
<h2>Project:</h2>
E:\Dropbox\TMR_FC\CODE\build\tmr-fc\tmr-fc.uvproj
Project File Date:  07/29/2012

<h2>Output:</h2>
Rebuild target 'TMR-FC'
assembling startup_stm32f4xx.s...
compiling timers.c...
timers.c: Error:  #5: cannot open source input file "..\..\freertos\Source\timers.c": No such file or directory
Target not created
Rebuild target 'TMR-FC'
assembling startup_stm32f4xx.s...
compiling timers.c...
timers.c: Error:  #5: cannot open source input file "..\..\freertos\Source\timers.c": No such file or directory
Target not created
Rebuild target 'TMR-FC'
assembling startup_stm32f4xx.s...
compiling timers.c...
..\..\utilities\freertos\Source\include\FreeRTOS.h(80): error:  #5: cannot open source input file "FreeRTOSConfig.h": No such file or directory
compiling croutine.c...
..\..\utilities\freertos\Source\include\FreeRTOS.h(80): error:  #5: cannot open source input file "FreeRTOSConfig.h": No such file or directory
compiling list.c...
..\..\utilities\freertos\Source\include\FreeRTOS.h(80): error:  #5: cannot open source input file "FreeRTOSConfig.h": No such file or directory
compiling queue.c...
..\..\utilities\freertos\Source\include\FreeRTOS.h(80): error:  #5: cannot open source input file "FreeRTOSConfig.h": No such file or directory
compiling tasks.c...
..\..\utilities\freertos\Source\include\FreeRTOS.h(80): error:  #5: cannot open source input file "FreeRTOSConfig.h": No such file or directory
compiling heap_2.c...
..\..\utilities\freertos\Source\include\FreeRTOS.h(80): error:  #5: cannot open source input file "FreeRTOSConfig.h": No such file or directory
compiling port.c...
..\..\utilities\freertos\Source\include\FreeRTOS.h(80): error:  #5: cannot open source input file "FreeRTOSConfig.h": No such file or directory
compiling ff.c...
compiling fattime.c...
compiling diskio.c...
compiling stm32f4xx_it.c...
compiling main.c...
..\..\utilities\freertos\Source\include\FreeRTOS.h(80): error:  #5: cannot open source input file "FreeRTOSConfig.h": No such file or directory
compiling system_stm32f4xx.c...
Target not created
Rebuild target 'TMR-FC'
assembling startup_stm32f4xx.s...
compiling timers.c...
..\..\utilities\freertos\Source\include\FreeRTOS.h(80): error:  #5: cannot open source input file "FreeRTOSConfig.h": No such file or directory
compiling croutine.c...
..\..\utilities\freertos\Source\include\FreeRTOS.h(80): error:  #5: cannot open source input file "FreeRTOSConfig.h": No such file or directory
compiling list.c...
..\..\utilities\freertos\Source\include\FreeRTOS.h(80): error:  #5: cannot open source input file "FreeRTOSConfig.h": No such file or directory
compiling queue.c...
..\..\utilities\freertos\Source\include\FreeRTOS.h(80): error:  #5: cannot open source input file "FreeRTOSConfig.h": No such file or directory
compiling tasks.c...
..\..\utilities\freertos\Source\include\FreeRTOS.h(80): error:  #5: cannot open source input file "FreeRTOSConfig.h": No such file or directory
compiling heap_2.c...
..\..\utilities\freertos\Source\include\FreeRTOS.h(80): error:  #5: cannot open source input file "FreeRTOSConfig.h": No such file or directory
compiling port.c...
port.c: Error:  #5: cannot open source input file "..\..\utilities\freertos\Source\portable\RVDS\ARM_CM4F\port.c": No such file or directory
Target not created
Rebuild target 'TMR-FC'
assembling startup_stm32f4xx.s...
compiling timers.c...
compiling croutine.c...
compiling list.c...
compiling queue.c...
compiling tasks.c...
compiling heap_2.c...
compiling port.c...
port.c: Error:  #5: cannot open source input file "..\..\utilities\freertos\Source\portable\RVDS\ARM_CM4F\port.c": No such file or directory
Target not created
Rebuild target 'TMR-FC'
assembling startup_stm32f4xx.s...
compiling timers.c...
compiling croutine.c...
compiling list.c...
compiling queue.c...
compiling tasks.c...
compiling heap_2.c...
compiling port.c...
compiling ff.c...
compiling fattime.c...
compiling diskio.c...
compiling stm32f4xx_it.c...
compiling main.c...
compiling system_stm32f4xx.c...
linking...
Program Size: Code=6644 RO-data=424 RW-data=128 ZI-data=42344  
".\obj\tmr-fc.axf" - 0 Error(s), 0 Warning(s).
Clean started: Project: 'tmr-fc'
   deleting intermediate output files for target 'TMR-FC'
