<html>
<body>
<pre>
<h1>µVision Build Log</h1>
<h2>Project:</h2>
E:\Dropbox\TMR_FC\google_code\code\build\tmr-fc\tmr-fc.uvproj
Project File Date:  07/30/2012

<h2>Output:</h2>
Rebuild target 'TMR-FC'
assembling startup_stm32f4xx.s...
startup_stm32f4xx.s: error: A1023E: File "..\..\platform\csp\arm\Device\STM32F4\Source\arm\startup_stm32f4xx.s" could not be opened: No such file or directory
Target not created
Rebuild target 'TMR-FC'
assembling startup_stm32f4xx.s...
compiling timers.c...
compiling croutine.c...
compiling list.c...
compiling queue.c...
compiling tasks.c...
compiling heap_2.c...
compiling port.c...
compiling ff.c...
compiling fattime.c...
compiling diskio.c...
compiling stm32f4xx_it.c...
compiling main.c...
compiling system_stm32f4xx.c...
linking...
Program Size: Code=8752 RO-data=424 RW-data=128 ZI-data=42344  
".\obj\tmr-fc.axf" - 0 Error(s), 0 Warning(s).
 
*** Rebuilding with Cross-Module Feedback:
Rebuild target 'TMR-FC'
assembling startup_stm32f4xx.s...
compiling timers.c...
compiling croutine.c...
compiling list.c...
compiling queue.c...
compiling tasks.c...
compiling heap_2.c...
compiling port.c...
compiling ff.c...
compiling fattime.c...
compiling diskio.c...
compiling stm32f4xx_it.c...
compiling main.c...
compiling system_stm32f4xx.c...
linking...
Program Size: Code=6656 RO-data=424 RW-data=128 ZI-data=42344  
".\obj\tmr-fc.axf" - 0 Error(s), 0 Warning(s).
Rebuild target 'TMR-FC'
assembling startup_stm32f4xx.s...
compiling system_stm32f4xx.c...
C:\Keil\ARM\Inc\ST\STM32F4xx\stm32f4xx.h(7813): error:  #5: cannot open source input file "stm32f4xx_conf.h": No such file or directory
compiling timers.c...
compiling croutine.c...
compiling list.c...
compiling queue.c...
compiling tasks.c...
compiling heap_2.c...
compiling port.c...
compiling ff.c...
compiling fattime.c...
compiling diskio.c...
compiling stm32f4xx_it.c...
stm32f4xx_it.c: Error:  #5: cannot open source input file "..\..\platform\src\apps\stm32f4xx_it.c": No such file or directory
Target not created
Rebuild target 'TMR-FC'
assembling startup_stm32f4xx.s...
compiling system_stm32f4xx.c...
C:\Keil\ARM\Inc\ST\STM32F4xx\stm32f4xx.h(7813): error:  #5: cannot open source input file "stm32f4xx_conf.h": No such file or directory
compiling timers.c...
compiling croutine.c...
compiling list.c...
compiling queue.c...
compiling tasks.c...
compiling heap_2.c...
compiling port.c...
compiling ff.c...
compiling fattime.c...
compiling diskio.c...
compiling main.c...
compiling stm32f4xx_it.c...
..\..\platform\sys\stm32f4xx_it.c(31): error:  #5: cannot open source input file "stm32f4xx_it.h": No such file or directory
Target not created
Rebuild target 'TMR-FC'
assembling startup_stm32f4xx.s...
compiling system_stm32f4xx.c...
compiling timers.c...
compiling croutine.c...
compiling list.c...
compiling queue.c...
compiling tasks.c...
compiling heap_2.c...
compiling port.c...
compiling ff.c...
compiling fattime.c...
compiling diskio.c...
compiling main.c...
compiling stm32f4xx_it.c...
..\..\platform\sys\stm32f4xx_it.c(32): error:  #5: cannot open source input file "main.h": No such file or directory
Target not created
Rebuild target 'TMR-FC'
assembling startup_stm32f4xx.s...
compiling system_stm32f4xx.c...
compiling timers.c...
compiling croutine.c...
compiling list.c...
compiling queue.c...
compiling tasks.c...
compiling heap_2.c...
compiling port.c...
compiling ff.c...
compiling fattime.c...
compiling diskio.c...
compiling main.c...
compiling stm32f4xx_it.c...
linking...
Program Size: Code=6644 RO-data=424 RW-data=128 ZI-data=42344  
".\obj\tmr-fc.axf" - 0 Error(s), 0 Warning(s).
