ARM Linker, 4.1 [Build 894] [Standard]

==============================================================================

Section Cross References

    startup_stm32f4xx.o(RESET) refers to startup_stm32f4xx.o(STACK) for __initial_sp
    startup_stm32f4xx.o(RESET) refers to startup_stm32f4xx.o(.text) for Reset_Handler
    startup_stm32f4xx.o(RESET) refers to stm32f4xx_it.o(.text) for NMI_Handler
    startup_stm32f4xx.o(RESET) refers to port.o(.emb_text) for SVC_Handler
    startup_stm32f4xx.o(RESET) refers to port.o(.text) for SysTick_Handler
    startup_stm32f4xx.o(.text) refers to system_stm32f4xx.o(.text) for SystemInit
    startup_stm32f4xx.o(.text) refers to entry.o(.ARM.Collect$$$$00000000) for __main
    system_stm32f4xx.o(.text) refers to system_stm32f4xx.o(.data) for SystemCoreClock
    timers.o(.text) refers to list.o(.text) for vListInsert
    timers.o(.text) refers to tasks.o(.text) for xTaskGetSchedulerState
    timers.o(.text) refers to queue.o(.text) for xQueueGenericSend
    timers.o(.text) refers to port.o(.emb_text) for vPortSetInterruptMask
    timers.o(.text) refers to heap_2.o(.text) for vPortFree
    timers.o(.text) refers to port.o(.text) for vPortYieldFromISR
    timers.o(.text) refers to timers.o(.data) for pxOverflowTimerList
    timers.o(.text) refers to timers.o(.bss) for xActiveTimerList1
    timers.o(.text) refers to port.o(.emb_text) for vPortSetInterruptMask
    timers.o(.text) refers to heap_2.o(.text) for pvPortMalloc
    timers.o(.text) refers to timers.o(.text) for prvCheckForValidListAndQueue
    timers.o(.text) refers to list.o(.text) for vListInitialiseItem
    timers.o(.text) refers to port.o(.text) for vPortEnterCritical
    croutine.o(.text) refers to list.o(.text) for vListInitialise
    croutine.o(.text) refers to port.o(.emb_text) for vPortSetInterruptMask
    croutine.o(.text) refers to tasks.o(.text) for xTaskGetTickCount
    croutine.o(.text) refers to croutine.o(.bss) for pxReadyCoRoutineLists
    croutine.o(.text) refers to croutine.o(.data) for pxDelayedCoRoutineList
    croutine.o(.text) refers to heap_2.o(.text) for pvPortMalloc
    croutine.o(.text) refers to croutine.o(.text) for prvInitialiseCoRoutineLists
    croutine.o(.text) refers to list.o(.text) for vListInitialiseItem
    croutine.o(.text) refers to croutine.o(.data) for pxCurrentCoRoutine
    croutine.o(.text) refers to croutine.o(.bss) for pxReadyCoRoutineLists
    croutine.o(.text) refers to list.o(.text) for vListRemove
    croutine.o(.text) refers to croutine.o(.data) for xCoRoutineTickCount
    croutine.o(.text) refers to croutine.o(.text) for prvCheckPendingReadyList
    croutine.o(.text) refers to croutine.o(.data) for uxTopCoRoutineReadyPriority
    croutine.o(.text) refers to croutine.o(.bss) for pxReadyCoRoutineLists
    croutine.o(.text) refers to list.o(.text) for vListRemove
    croutine.o(.text) refers to croutine.o(.bss) for xPendingReadyCoRoutineList
    croutine.o(.text) refers to croutine.o(.data) for pxCurrentCoRoutine
    queue.o(.text) refers to port.o(.emb_text) for vPortSetInterruptMask
    queue.o(.text) refers to list.o(.text) for vListInitialise
    queue.o(.text) refers to heap_2.o(.text) for pvPortMalloc
    queue.o(.text) refers to port.o(.text) for vPortEnterCritical
    queue.o(.text) refers to tasks.o(.text) for xTaskRemoveFromEventList
    queue.o(.text) refers to memcpya.o(.text) for __aeabi_memcpy
    queue.o(.text) refers to queue.o(.bss) for xQueueRegistry
    queue.o(.text) refers to heap_2.o(.text) for pvPortMalloc
    queue.o(.text) refers to list.o(.text) for vListInitialise
    queue.o(.text) refers to queue.o(.text) for xQueueGenericSend
    queue.o(.text) refers to port.o(.emb_text) for vPortSetInterruptMask
    queue.o(.text) refers to port.o(.text) for vPortEnterCritical
    queue.o(.text) refers to port.o(.emb_text) for vPortSetInterruptMask
    queue.o(.text) refers to tasks.o(.text) for xTaskGetCurrentTaskHandle
    queue.o(.text) refers to queue.o(.text) for xQueueGenericSend
    queue.o(.text) refers to port.o(.emb_text) for vPortSetInterruptMask
    queue.o(.text) refers to tasks.o(.text) for xTaskGetCurrentTaskHandle
    queue.o(.text) refers to queue.o(.text) for xQueueGenericReceive
    queue.o(.text) refers to queue.o(.text) for xQueueGenericCreate
    queue.o(.text) refers to port.o(.emb_text) for vPortSetInterruptMask
    queue.o(.text) refers to port.o(.emb_text) for vPortSetInterruptMask
    queue.o(.text) refers to queue.o(.text) for prvCopyDataFromQueue
    queue.o(.text) refers to tasks.o(.text) for xTaskRemoveFromEventList
    queue.o(.text) refers to port.o(.emb_text) for vPortSetInterruptMask
    queue.o(.text) refers to port.o(.text) for vPortEnterCritical
    queue.o(.text) refers to port.o(.emb_text) for vPortSetInterruptMask
    queue.o(.text) refers to port.o(.emb_text) for vPortSetInterruptMask
    queue.o(.text) refers to queue.o(.text) for vQueueUnregisterQueue
    queue.o(.text) refers to heap_2.o(.text) for vPortFree
    queue.o(.text) refers to port.o(.emb_text) for vPortSetInterruptMask
    queue.o(.text) refers to port.o(.emb_text) for vPortSetInterruptMask
    queue.o(.text) refers to queue.o(.bss) for xQueueRegistry
    tasks.o(.text) refers to list.o(.text) for vListInitialise
    tasks.o(.text) refers to strncpy.o(.text) for strncpy
    tasks.o(.text) refers to heap_2.o(.text) for pvPortMalloc
    tasks.o(.text) refers to memseta.o(.text) for __aeabi_memset
    tasks.o(.text) refers to port.o(.emb_text) for vPortSetInterruptMask
    tasks.o(.text) refers to port.o(.text) for pxPortInitialiseStack
    tasks.o(.text) refers to tasks.o(.bss) for pxReadyTasksLists
    tasks.o(.text) refers to tasks.o(.data) for pxDelayedTaskList
    tasks.o(.text) refers to timers.o(.text) for xTimerCreateTimerTask
    tasks.o(.text) refers to printf3.o(i.__0sprintf$3) for __2sprintf
    tasks.o(.text) refers to strcat.o(.text) for strcat
    tasks.o(.text) refers to port.o(.text) for vPortEnterCritical
    tasks.o(.text) refers to list.o(.text) for vListRemove
    tasks.o(.text) refers to tasks.o(.data) for pxCurrentTCB
    tasks.o(.text) refers to tasks.o(.bss) for xTasksWaitingTermination
    tasks.o(.text) refers to port.o(.emb_text) for vPortSetInterruptMask
    tasks.o(.text) refers to tasks.o(.text) for vTaskSuspendAll
    tasks.o(.text) refers to list.o(.text) for vListRemove
    tasks.o(.text) refers to port.o(.text) for vPortYieldFromISR
    tasks.o(.text) refers to tasks.o(.data) for xTickCount
    tasks.o(.text) refers to port.o(.text) for vPortEnterCritical
    tasks.o(.text) refers to tasks.o(.data) for pxCurrentTCB
    tasks.o(.text) refers to port.o(.emb_text) for vPortSetInterruptMask
    tasks.o(.text) refers to port.o(.text) for vPortEnterCritical
    tasks.o(.text) refers to list.o(.text) for vListRemove
    tasks.o(.text) refers to tasks.o(.data) for pxCurrentTCB
    tasks.o(.text) refers to tasks.o(.bss) for pxReadyTasksLists
    tasks.o(.text) refers to port.o(.text) for vPortEnterCritical
    tasks.o(.text) refers to list.o(.text) for vListRemove
    tasks.o(.text) refers to tasks.o(.text) for vTaskSwitchContext
    tasks.o(.text) refers to tasks.o(.data) for pxCurrentTCB
    tasks.o(.text) refers to tasks.o(.bss) for xSuspendedTaskList
    tasks.o(.text) refers to port.o(.emb_text) for vPortSetInterruptMask
    tasks.o(.text) refers to tasks.o(.bss) for xSuspendedTaskList
    tasks.o(.text) refers to port.o(.emb_text) for vPortSetInterruptMask
    tasks.o(.text) refers to port.o(.text) for vPortEnterCritical
    tasks.o(.text) refers to tasks.o(.text) for xTaskIsTaskSuspended
    tasks.o(.text) refers to list.o(.text) for vListRemove
    tasks.o(.text) refers to tasks.o(.data) for pxCurrentTCB
    tasks.o(.text) refers to tasks.o(.bss) for pxReadyTasksLists
    tasks.o(.text) refers to port.o(.emb_text) for vPortSetInterruptMask
    tasks.o(.text) refers to tasks.o(.text) for xTaskIsTaskSuspended
    tasks.o(.text) refers to list.o(.text) for vListRemove
    tasks.o(.text) refers to tasks.o(.data) for uxSchedulerSuspended
    tasks.o(.text) refers to tasks.o(.bss) for pxReadyTasksLists
    tasks.o(.text) refers to port.o(.emb_text) for vPortSetInterruptMask
    tasks.o(.text) refers to port.o(.text) for vPortEndScheduler
    tasks.o(.text) refers to tasks.o(.data) for xSchedulerRunning
    tasks.o(.text) refers to port.o(.emb_text) for vPortSetInterruptMask
    tasks.o(.text) refers to tasks.o(.data) for xTickCount
    tasks.o(.text) refers to tasks.o(.data) for uxCurrentNumberOfTasks
    tasks.o(.text) refers to tasks.o(.text) for vTaskSuspendAll
    tasks.o(.text) refers to strcat.o(.text) for strcat
    tasks.o(.text) refers to tasks.o(.data) for uxTopUsedPriority
    tasks.o(.text) refers to tasks.o(.bss) for pxReadyTasksLists
    heap_2.o(.text) refers to tasks.o(.text) for vTaskSuspendAll
    heap_2.o(.text) refers to heap_2.o(.data) for xHeapHasBeenInitialised
    heap_2.o(.text) refers to heap_2.o(.bss) for xHeap
    heap_2.o(.text) refers to heap_2.o(.data) for xFreeBytesRemaining
    port.o(.emb_text) refers to tasks.o(.text) for vTaskSwitchContext
    port.o(.emb_text) refers to tasks.o(.data) for pxCurrentTCB
    port.o(.text) refers to port.o(.emb_text) for __asm___6_port_c_39a90d8d__prvEnableVFP
    port.o(.text) refers to tasks.o(.text) for vTaskIncrementTick
    port.o(.text) refers to system_stm32f4xx.o(.data) for SystemCoreClock
    port.o(.text) refers to port.o(.data) for uxCriticalNesting
    ff.o(.text) refers to diskio.o(.text) for disk_write
    ff.o(.text) refers to diskio.o(.text) for disk_read
    ff.o(.text) refers to diskio.o(.text) for disk_ioctl
    ff.o(.text) refers to ff.o(.text) for get_fat
    ff.o(.text) refers to ff.o(.text) for put_fat
    ff.o(.text) refers to ff.o(.text) for clust2sect
    ff.o(.text) refers to diskio.o(.text) for disk_status
    ff.o(.text) refers to diskio.o(.text) for disk_initialize
    ff.o(.text) refers to ff.o(.data) for FatFs
    ff.o(.text) refers to ff.o(.text) for move_window
    ff.o(.text) refers to ff.o(.text) for move_window
    ff.o(.text) refers to ff.o(.data) for FatFs
    ff.o(.text) refers to ff.o(.text) for chk_mounted
    ff.o(.text) refers to fattime.o(.text) for get_fattime
    ff.o(.text) refers to ff.o(.text) for validate
    ff.o(.text) refers to ff.o(.text) for get_fat
    ff.o(.text) refers to ff.o(.text) for clust2sect
    ff.o(.text) refers to diskio.o(.text) for disk_read
    ff.o(.text) refers to diskio.o(.text) for disk_write
    ff.o(.text) refers to ff.o(.text) for validate
    ff.o(.text) refers to diskio.o(.text) for disk_write
    ff.o(.text) refers to ff.o(.text) for clust2sect
    ff.o(.text) refers to diskio.o(.text) for disk_read
    ff.o(.text) refers to ff.o(.text) for validate
    ff.o(.text) refers to diskio.o(.text) for disk_write
    ff.o(.text) refers to fattime.o(.text) for get_fattime
    ff.o(.text) refers to ff.o(.text) for f_sync
    ff.o(.text) refers to ff.o(.text) for validate
    ff.o(.text) refers to ff.o(.text) for get_fat
    ff.o(.text) refers to ff.o(.text) for clust2sect
    ff.o(.text) refers to diskio.o(.text) for disk_write
    ff.o(.text) refers to diskio.o(.text) for disk_read
    ff.o(.text) refers to ff.o(.text) for chk_mounted
    ff.o(.text) refers to ff.o(.text) for validate
    ff.o(.text) refers to ff.o(.text) for chk_mounted
    ff.o(.text) refers to ff.o(.text) for chk_mounted
    ff.o(.text) refers to ff.o(.text) for get_fat
    ff.o(.text) refers to ff.o(.text) for validate
    ff.o(.text) refers to ff.o(.text) for get_fat
    ff.o(.text) refers to ff.o(.text) for put_fat
    ff.o(.text) refers to ff.o(.text) for chk_mounted
    ff.o(.text) refers to fattime.o(.text) for get_fattime
    ff.o(.text) refers to ff.o(.text) for chk_mounted
    ff.o(.text) refers to ff.o(.text) for clust2sect
    ff.o(.text) refers to ff.o(.text) for chk_mounted
    ff.o(.text) refers to ff.o(.text) for chk_mounted
    ff.o(.text) refers to ff.o(.text) for chk_mounted
    ff.o(.text) refers to ff.o(.text) for clust2sect
    main.o(.text) refers to tasks.o(.text) for vTaskDelay
    main.o(.text) refers to main.o(.data) for count
    entry.o(.ARM.Collect$$$$00000000) refers (Special) to entry7b.o(.ARM.Collect$$$$00000008) for _main_clock
    entry.o(.ARM.Collect$$$$00000000) refers (Special) to entry8.o(.ARM.Collect$$$$00000009) for _main_init
    entry.o(.ARM.Collect$$$$00000000) refers (Special) to entry5.o(.ARM.Collect$$$$00000004) for _main_scatterload
    entry.o(.ARM.Collect$$$$00000000) refers (Special) to entry2.o(.ARM.Collect$$$$00000001) for _main_stk
    printfb.o(i.__0fprintf$bare) refers to printfb.o(i._printf_core) for _printf_core
    printfb.o(i.__0fprintf$bare) refers to fputc.o(i.fputc) for fputc
    printfb.o(i.__0printf$bare) refers to printfb.o(i._printf_core) for _printf_core
    printfb.o(i.__0printf$bare) refers to fputc.o(i.fputc) for fputc
    printfb.o(i.__0printf$bare) refers to stdout.o(.data) for __stdout
    printfb.o(i.__0snprintf$bare) refers to printfb.o(i._printf_core) for _printf_core
    printfb.o(i.__0snprintf$bare) refers to printfb.o(i._snputc) for _snputc
    printfb.o(i.__0sprintf$bare) refers to printfb.o(i._printf_core) for _printf_core
    printfb.o(i.__0sprintf$bare) refers to printfb.o(i._sputc) for _sputc
    printfb.o(i.__0vfprintf$bare) refers to printfb.o(i._printf_core) for _printf_core
    printfb.o(i.__0vfprintf$bare) refers to fputc.o(i.fputc) for fputc
    printfb.o(i.__0vprintf$bare) refers to printfb.o(i._printf_core) for _printf_core
    printfb.o(i.__0vprintf$bare) refers to fputc.o(i.fputc) for fputc
    printfb.o(i.__0vprintf$bare) refers to stdout.o(.data) for __stdout
    printfb.o(i.__0vsnprintf$bare) refers to printfb.o(i._printf_core) for _printf_core
    printfb.o(i.__0vsnprintf$bare) refers to printfb.o(i._snputc) for _snputc
    printfb.o(i.__0vsprintf$bare) refers to printfb.o(i._printf_core) for _printf_core
    printfb.o(i.__0vsprintf$bare) refers to printfb.o(i._sputc) for _sputc
    printf0.o(i.__0fprintf$0) refers to printf0.o(i._printf_core) for _printf_core
    printf0.o(i.__0fprintf$0) refers to fputc.o(i.fputc) for fputc
    printf0.o(i.__0printf$0) refers to printf0.o(i._printf_core) for _printf_core
    printf0.o(i.__0printf$0) refers to fputc.o(i.fputc) for fputc
    printf0.o(i.__0printf$0) refers to stdout.o(.data) for __stdout
    printf0.o(i.__0snprintf$0) refers to printf0.o(i._printf_core) for _printf_core
    printf0.o(i.__0snprintf$0) refers to printf0.o(i._snputc) for _snputc
    printf0.o(i.__0sprintf$0) refers to printf0.o(i._printf_core) for _printf_core
    printf0.o(i.__0sprintf$0) refers to printf0.o(i._sputc) for _sputc
    printf0.o(i.__0vfprintf$0) refers to printf0.o(i._printf_core) for _printf_core
    printf0.o(i.__0vfprintf$0) refers to fputc.o(i.fputc) for fputc
    printf0.o(i.__0vprintf$0) refers to printf0.o(i._printf_core) for _printf_core
    printf0.o(i.__0vprintf$0) refers to fputc.o(i.fputc) for fputc
    printf0.o(i.__0vprintf$0) refers to stdout.o(.data) for __stdout
    printf0.o(i.__0vsnprintf$0) refers to printf0.o(i._printf_core) for _printf_core
    printf0.o(i.__0vsnprintf$0) refers to printf0.o(i._snputc) for _snputc
    printf0.o(i.__0vsprintf$0) refers to printf0.o(i._printf_core) for _printf_core
    printf0.o(i.__0vsprintf$0) refers to printf0.o(i._sputc) for _sputc
    printf1.o(i.__0fprintf$1) refers to printf1.o(i._printf_core) for _printf_core
    printf1.o(i.__0fprintf$1) refers to fputc.o(i.fputc) for fputc
    printf1.o(i.__0printf$1) refers to printf1.o(i._printf_core) for _printf_core
    printf1.o(i.__0printf$1) refers to fputc.o(i.fputc) for fputc
    printf1.o(i.__0printf$1) refers to stdout.o(.data) for __stdout
    printf1.o(i.__0snprintf$1) refers to printf1.o(i._printf_core) for _printf_core
    printf1.o(i.__0snprintf$1) refers to printf1.o(i._snputc) for _snputc
    printf1.o(i.__0sprintf$1) refers to printf1.o(i._printf_core) for _printf_core
    printf1.o(i.__0sprintf$1) refers to printf1.o(i._sputc) for _sputc
    printf1.o(i.__0vfprintf$1) refers to printf1.o(i._printf_core) for _printf_core
    printf1.o(i.__0vfprintf$1) refers to fputc.o(i.fputc) for fputc
    printf1.o(i.__0vprintf$1) refers to printf1.o(i._printf_core) for _printf_core
    printf1.o(i.__0vprintf$1) refers to fputc.o(i.fputc) for fputc
    printf1.o(i.__0vprintf$1) refers to stdout.o(.data) for __stdout
    printf1.o(i.__0vsnprintf$1) refers to printf1.o(i._printf_core) for _printf_core
    printf1.o(i.__0vsnprintf$1) refers to printf1.o(i._snputc) for _snputc
    printf1.o(i.__0vsprintf$1) refers to printf1.o(i._printf_core) for _printf_core
    printf1.o(i.__0vsprintf$1) refers to printf1.o(i._sputc) for _sputc
    printf1.o(i._printf_core) refers to uidiv.o(.text) for __aeabi_uidivmod
    printf2.o(i.__0fprintf$2) refers to printf2.o(i._printf_core) for _printf_core
    printf2.o(i.__0fprintf$2) refers to fputc.o(i.fputc) for fputc
    printf2.o(i.__0printf$2) refers to printf2.o(i._printf_core) for _printf_core
    printf2.o(i.__0printf$2) refers to fputc.o(i.fputc) for fputc
    printf2.o(i.__0printf$2) refers to stdout.o(.data) for __stdout
    printf2.o(i.__0snprintf$2) refers to printf2.o(i._printf_core) for _printf_core
    printf2.o(i.__0snprintf$2) refers to printf2.o(i._snputc) for _snputc
    printf2.o(i.__0sprintf$2) refers to printf2.o(i._printf_core) for _printf_core
    printf2.o(i.__0sprintf$2) refers to printf2.o(i._sputc) for _sputc
    printf2.o(i.__0vfprintf$2) refers to printf2.o(i._printf_core) for _printf_core
    printf2.o(i.__0vfprintf$2) refers to fputc.o(i.fputc) for fputc
    printf2.o(i.__0vprintf$2) refers to printf2.o(i._printf_core) for _printf_core
    printf2.o(i.__0vprintf$2) refers to fputc.o(i.fputc) for fputc
    printf2.o(i.__0vprintf$2) refers to stdout.o(.data) for __stdout
    printf2.o(i.__0vsnprintf$2) refers to printf2.o(i._printf_core) for _printf_core
    printf2.o(i.__0vsnprintf$2) refers to printf2.o(i._snputc) for _snputc
    printf2.o(i.__0vsprintf$2) refers to printf2.o(i._printf_core) for _printf_core
    printf2.o(i.__0vsprintf$2) refers to printf2.o(i._sputc) for _sputc
    printf3.o(i.__0fprintf$3) refers to printf3.o(i._printf_core) for _printf_core
    printf3.o(i.__0fprintf$3) refers to fputc.o(i.fputc) for fputc
    printf3.o(i.__0printf$3) refers to printf3.o(i._printf_core) for _printf_core
    printf3.o(i.__0printf$3) refers to fputc.o(i.fputc) for fputc
    printf3.o(i.__0printf$3) refers to stdout.o(.data) for __stdout
    printf3.o(i.__0snprintf$3) refers to printf3.o(i._printf_core) for _printf_core
    printf3.o(i.__0snprintf$3) refers to printf3.o(i._snputc) for _snputc
    printf3.o(i.__0sprintf$3) refers to printf3.o(i._printf_core) for _printf_core
    printf3.o(i.__0sprintf$3) refers to printf3.o(i._sputc) for _sputc
    printf3.o(i.__0vfprintf$3) refers to printf3.o(i._printf_core) for _printf_core
    printf3.o(i.__0vfprintf$3) refers to fputc.o(i.fputc) for fputc
    printf3.o(i.__0vprintf$3) refers to printf3.o(i._printf_core) for _printf_core
    printf3.o(i.__0vprintf$3) refers to fputc.o(i.fputc) for fputc
    printf3.o(i.__0vprintf$3) refers to stdout.o(.data) for __stdout
    printf3.o(i.__0vsnprintf$3) refers to printf3.o(i._printf_core) for _printf_core
    printf3.o(i.__0vsnprintf$3) refers to printf3.o(i._snputc) for _snputc
    printf3.o(i.__0vsprintf$3) refers to printf3.o(i._printf_core) for _printf_core
    printf3.o(i.__0vsprintf$3) refers to printf3.o(i._sputc) for _sputc
    printf3.o(i._printf_core) refers to uidiv.o(.text) for __aeabi_uidivmod
    printf4.o(i.__0fprintf$4) refers to printf4.o(i._printf_core) for _printf_core
    printf4.o(i.__0fprintf$4) refers to fputc.o(i.fputc) for fputc
    printf4.o(i.__0printf$4) refers to printf4.o(i._printf_core) for _printf_core
    printf4.o(i.__0printf$4) refers to fputc.o(i.fputc) for fputc
    printf4.o(i.__0printf$4) refers to stdout.o(.data) for __stdout
    printf4.o(i.__0snprintf$4) refers to printf4.o(i._printf_core) for _printf_core
    printf4.o(i.__0snprintf$4) refers to printf4.o(i._snputc) for _snputc
    printf4.o(i.__0sprintf$4) refers to printf4.o(i._printf_core) for _printf_core
    printf4.o(i.__0sprintf$4) refers to printf4.o(i._sputc) for _sputc
    printf4.o(i.__0vfprintf$4) refers to printf4.o(i._printf_core) for _printf_core
    printf4.o(i.__0vfprintf$4) refers to fputc.o(i.fputc) for fputc
    printf4.o(i.__0vprintf$4) refers to printf4.o(i._printf_core) for _printf_core
    printf4.o(i.__0vprintf$4) refers to fputc.o(i.fputc) for fputc
    printf4.o(i.__0vprintf$4) refers to stdout.o(.data) for __stdout
    printf4.o(i.__0vsnprintf$4) refers to printf4.o(i._printf_core) for _printf_core
    printf4.o(i.__0vsnprintf$4) refers to printf4.o(i._snputc) for _snputc
    printf4.o(i.__0vsprintf$4) refers to printf4.o(i._printf_core) for _printf_core
    printf4.o(i.__0vsprintf$4) refers to printf4.o(i._sputc) for _sputc
    printf4.o(i._printf_core) refers to uldiv.o(.text) for __aeabi_uldivmod
    printf5.o(i.__0fprintf$5) refers to printf5.o(i._printf_core) for _printf_core
    printf5.o(i.__0fprintf$5) refers to fputc.o(i.fputc) for fputc
    printf5.o(i.__0printf$5) refers to printf5.o(i._printf_core) for _printf_core
    printf5.o(i.__0printf$5) refers to fputc.o(i.fputc) for fputc
    printf5.o(i.__0printf$5) refers to stdout.o(.data) for __stdout
    printf5.o(i.__0snprintf$5) refers to printf5.o(i._printf_core) for _printf_core
    printf5.o(i.__0snprintf$5) refers to printf5.o(i._snputc) for _snputc
    printf5.o(i.__0sprintf$5) refers to printf5.o(i._printf_core) for _printf_core
    printf5.o(i.__0sprintf$5) refers to printf5.o(i._sputc) for _sputc
    printf5.o(i.__0vfprintf$5) refers to printf5.o(i._printf_core) for _printf_core
    printf5.o(i.__0vfprintf$5) refers to fputc.o(i.fputc) for fputc
    printf5.o(i.__0vprintf$5) refers to printf5.o(i._printf_core) for _printf_core
    printf5.o(i.__0vprintf$5) refers to fputc.o(i.fputc) for fputc
    printf5.o(i.__0vprintf$5) refers to stdout.o(.data) for __stdout
    printf5.o(i.__0vsnprintf$5) refers to printf5.o(i._printf_core) for _printf_core
    printf5.o(i.__0vsnprintf$5) refers to printf5.o(i._snputc) for _snputc
    printf5.o(i.__0vsprintf$5) refers to printf5.o(i._printf_core) for _printf_core
    printf5.o(i.__0vsprintf$5) refers to printf5.o(i._sputc) for _sputc
    printf5.o(i._printf_core) refers to uldiv.o(.text) for __aeabi_uldivmod
    printf6.o(i.__0fprintf$6) refers to printf6.o(i._printf_core) for _printf_core
    printf6.o(i.__0fprintf$6) refers to fputc.o(i.fputc) for fputc
    printf6.o(i.__0printf$6) refers to printf6.o(i._printf_core) for _printf_core
    printf6.o(i.__0printf$6) refers to fputc.o(i.fputc) for fputc
    printf6.o(i.__0printf$6) refers to stdout.o(.data) for __stdout
    printf6.o(i.__0snprintf$6) refers to printf6.o(i._printf_core) for _printf_core
    printf6.o(i.__0snprintf$6) refers to printf6.o(i._snputc) for _snputc
    printf6.o(i.__0sprintf$6) refers to printf6.o(i._printf_core) for _printf_core
    printf6.o(i.__0sprintf$6) refers to printf6.o(i._sputc) for _sputc
    printf6.o(i.__0vfprintf$6) refers to printf6.o(i._printf_core) for _printf_core
    printf6.o(i.__0vfprintf$6) refers to fputc.o(i.fputc) for fputc
    printf6.o(i.__0vprintf$6) refers to printf6.o(i._printf_core) for _printf_core
    printf6.o(i.__0vprintf$6) refers to fputc.o(i.fputc) for fputc
    printf6.o(i.__0vprintf$6) refers to stdout.o(.data) for __stdout
    printf6.o(i.__0vsnprintf$6) refers to printf6.o(i._printf_core) for _printf_core
    printf6.o(i.__0vsnprintf$6) refers to printf6.o(i._snputc) for _snputc
    printf6.o(i.__0vsprintf$6) refers to printf6.o(i._printf_core) for _printf_core
    printf6.o(i.__0vsprintf$6) refers to printf6.o(i._sputc) for _sputc
    printf6.o(i._printf_core) refers to printf6.o(i._printf_pre_padding) for _printf_pre_padding
    printf6.o(i._printf_core) refers to uidiv.o(.text) for __aeabi_uidivmod
    printf6.o(i._printf_core) refers to printf6.o(i._printf_post_padding) for _printf_post_padding
    printf7.o(i.__0fprintf$7) refers to printf7.o(i._printf_core) for _printf_core
    printf7.o(i.__0fprintf$7) refers to fputc.o(i.fputc) for fputc
    printf7.o(i.__0printf$7) refers to printf7.o(i._printf_core) for _printf_core
    printf7.o(i.__0printf$7) refers to fputc.o(i.fputc) for fputc
    printf7.o(i.__0printf$7) refers to stdout.o(.data) for __stdout
    printf7.o(i.__0snprintf$7) refers to printf7.o(i._printf_core) for _printf_core
    printf7.o(i.__0snprintf$7) refers to printf7.o(i._snputc) for _snputc
    printf7.o(i.__0sprintf$7) refers to printf7.o(i._printf_core) for _printf_core
    printf7.o(i.__0sprintf$7) refers to printf7.o(i._sputc) for _sputc
    printf7.o(i.__0vfprintf$7) refers to printf7.o(i._printf_core) for _printf_core
    printf7.o(i.__0vfprintf$7) refers to fputc.o(i.fputc) for fputc
    printf7.o(i.__0vprintf$7) refers to printf7.o(i._printf_core) for _printf_core
    printf7.o(i.__0vprintf$7) refers to fputc.o(i.fputc) for fputc
    printf7.o(i.__0vprintf$7) refers to stdout.o(.data) for __stdout
    printf7.o(i.__0vsnprintf$7) refers to printf7.o(i._printf_core) for _printf_core
    printf7.o(i.__0vsnprintf$7) refers to printf7.o(i._snputc) for _snputc
    printf7.o(i.__0vsprintf$7) refers to printf7.o(i._printf_core) for _printf_core
    printf7.o(i.__0vsprintf$7) refers to printf7.o(i._sputc) for _sputc
    printf7.o(i._printf_core) refers to printf7.o(i._printf_pre_padding) for _printf_pre_padding
    printf7.o(i._printf_core) refers to uldiv.o(.text) for __aeabi_uldivmod
    printf7.o(i._printf_core) refers to printf7.o(i._printf_post_padding) for _printf_post_padding
    printf8.o(i.__0fprintf$8) refers to printf8.o(i._printf_core) for _printf_core
    printf8.o(i.__0fprintf$8) refers to fputc.o(i.fputc) for fputc
    printf8.o(i.__0printf$8) refers to printf8.o(i._printf_core) for _printf_core
    printf8.o(i.__0printf$8) refers to fputc.o(i.fputc) for fputc
    printf8.o(i.__0printf$8) refers to stdout.o(.data) for __stdout
    printf8.o(i.__0snprintf$8) refers to printf8.o(i._printf_core) for _printf_core
    printf8.o(i.__0snprintf$8) refers to printf8.o(i._snputc) for _snputc
    printf8.o(i.__0sprintf$8) refers to printf8.o(i._printf_core) for _printf_core
    printf8.o(i.__0sprintf$8) refers to printf8.o(i._sputc) for _sputc
    printf8.o(i.__0vfprintf$8) refers to printf8.o(i._printf_core) for _printf_core
    printf8.o(i.__0vfprintf$8) refers to fputc.o(i.fputc) for fputc
    printf8.o(i.__0vprintf$8) refers to printf8.o(i._printf_core) for _printf_core
    printf8.o(i.__0vprintf$8) refers to fputc.o(i.fputc) for fputc
    printf8.o(i.__0vprintf$8) refers to stdout.o(.data) for __stdout
    printf8.o(i.__0vsnprintf$8) refers to printf8.o(i._printf_core) for _printf_core
    printf8.o(i.__0vsnprintf$8) refers to printf8.o(i._snputc) for _snputc
    printf8.o(i.__0vsprintf$8) refers to printf8.o(i._printf_core) for _printf_core
    printf8.o(i.__0vsprintf$8) refers to printf8.o(i._sputc) for _sputc
    printf8.o(i._printf_core) refers to printf8.o(i._printf_pre_padding) for _printf_pre_padding
    printf8.o(i._printf_core) refers to uldiv.o(.text) for __aeabi_uldivmod
    printf8.o(i._printf_core) refers to printf8.o(i._printf_post_padding) for _printf_post_padding
    printfa.o(i.__0fprintf) refers (Special) to iusefp.o(.text) for __I$use$fp
    printfa.o(i.__0fprintf) refers to printfa.o(i._printf_core) for _printf_core
    printfa.o(i.__0fprintf) refers to fputc.o(i.fputc) for fputc
    printfa.o(i.__0printf) refers (Special) to iusefp.o(.text) for __I$use$fp
    printfa.o(i.__0printf) refers to printfa.o(i._printf_core) for _printf_core
    printfa.o(i.__0printf) refers to fputc.o(i.fputc) for fputc
    printfa.o(i.__0printf) refers to stdout.o(.data) for __stdout
    printfa.o(i.__0snprintf) refers (Special) to iusefp.o(.text) for __I$use$fp
    printfa.o(i.__0snprintf) refers to printfa.o(i._printf_core) for _printf_core
    printfa.o(i.__0snprintf) refers to printfa.o(i._snputc) for _snputc
    printfa.o(i.__0sprintf) refers (Special) to iusefp.o(.text) for __I$use$fp
    printfa.o(i.__0sprintf) refers to printfa.o(i._printf_core) for _printf_core
    printfa.o(i.__0sprintf) refers to printfa.o(i._sputc) for _sputc
    printfa.o(i.__0vfprintf) refers (Special) to iusefp.o(.text) for __I$use$fp
    printfa.o(i.__0vfprintf) refers to printfa.o(i._printf_core) for _printf_core
    printfa.o(i.__0vfprintf) refers to fputc.o(i.fputc) for fputc
    printfa.o(i.__0vprintf) refers (Special) to iusefp.o(.text) for __I$use$fp
    printfa.o(i.__0vprintf) refers to printfa.o(i._printf_core) for _printf_core
    printfa.o(i.__0vprintf) refers to fputc.o(i.fputc) for fputc
    printfa.o(i.__0vprintf) refers to stdout.o(.data) for __stdout
    printfa.o(i.__0vsnprintf) refers (Special) to iusefp.o(.text) for __I$use$fp
    printfa.o(i.__0vsnprintf) refers to printfa.o(i._printf_core) for _printf_core
    printfa.o(i.__0vsnprintf) refers to printfa.o(i._snputc) for _snputc
    printfa.o(i.__0vsprintf) refers (Special) to iusefp.o(.text) for __I$use$fp
    printfa.o(i.__0vsprintf) refers to printfa.o(i._printf_core) for _printf_core
    printfa.o(i.__0vsprintf) refers to printfa.o(i._sputc) for _sputc
    printfa.o(i._fp_digits) refers (Special) to iusefp.o(.text) for __I$use$fp
    printfa.o(i._fp_digits) refers to dmul.o(.text) for __aeabi_dmul
    printfa.o(i._fp_digits) refers to ddiv.o(.text) for __aeabi_ddiv
    printfa.o(i._fp_digits) refers to cdrcmple.o(.text) for __aeabi_cdrcmple
    printfa.o(i._fp_digits) refers to dadd.o(.text) for __aeabi_dadd
    printfa.o(i._fp_digits) refers to dfixul.o(.text) for __aeabi_d2ulz
    printfa.o(i._fp_digits) refers to uldiv.o(.text) for __aeabi_uldivmod
    printfa.o(i._printf_core) refers (Special) to iusefp.o(.text) for __I$use$fp
    printfa.o(i._printf_core) refers to printfa.o(i._printf_pre_padding) for _printf_pre_padding
    printfa.o(i._printf_core) refers to uldiv.o(.text) for __aeabi_uldivmod
    printfa.o(i._printf_core) refers to printfa.o(i._printf_post_padding) for _printf_post_padding
    printfa.o(i._printf_core) refers to printfa.o(i._fp_digits) for _fp_digits
    printfa.o(i._printf_core) refers to uidiv.o(.text) for __aeabi_uidivmod
    printfa.o(i._printf_post_padding) refers (Special) to iusefp.o(.text) for __I$use$fp
    printfa.o(i._printf_pre_padding) refers (Special) to iusefp.o(.text) for __I$use$fp
    printfa.o(i._snputc) refers (Special) to iusefp.o(.text) for __I$use$fp
    printfa.o(i._sputc) refers (Special) to iusefp.o(.text) for __I$use$fp
    entry2.o(.ARM.Collect$$$$00000001) refers to entry2.o(.ARM.Collect$$$$00002712) for __lit__00000000
    entry2.o(.ARM.Collect$$$$00002712) refers to startup_stm32f4xx.o(STACK) for __initial_sp
    entry2.o(__vectab_stack_and_reset_area) refers to startup_stm32f4xx.o(STACK) for __initial_sp
    entry2.o(__vectab_stack_and_reset_area) refers to entry.o(.ARM.Collect$$$$00000000) for __main
    entry5.o(.ARM.Collect$$$$00000004) refers to init.o(.text) for __scatterload
    entry8.o(.ARM.Collect$$$$00000009) refers to main.o(.text) for main
    fputc.o(i.fputc) refers (Special) to iusesemip.o(.text) for __I$use$semihosting$fputc
    fputc.o(i.fputc) refers (Special) to semi.o(.text) for __semihosting_library_function
    uldiv.o(.text) refers to llushr.o(.text) for __aeabi_llsr
    uldiv.o(.text) refers to llshl.o(.text) for __aeabi_llsl
    dadd.o(.text) refers to llshl.o(.text) for __aeabi_llsl
    dadd.o(.text) refers to llsshr.o(.text) for __aeabi_lasr
    dadd.o(.text) refers to depilogue.o(.text) for _double_epilogue
    dmul.o(.text) refers to depilogue.o(.text) for _double_epilogue
    ddiv.o(.text) refers to depilogue.o(.text) for _double_round
    dfixul.o(.text) refers to llushr.o(.text) for __aeabi_llsr
    dfixul.o(.text) refers to llshl.o(.text) for __aeabi_llsl
    init.o(.text) refers to entry5.o(.ARM.Collect$$$$00000004) for __main_after_scatterload
    depilogue.o(.text) refers to llshl.o(.text) for __aeabi_llsl
    depilogue.o(.text) refers to llushr.o(.text) for __aeabi_llsr


==============================================================================

Removing Unused input sections from the image.

    Removing startup_stm32f4xx.o(HEAP), (512 bytes).
    Removing system_stm32f4xx.o(.rev16_text), (4 bytes).
    Removing system_stm32f4xx.o(.revsh_text), (4 bytes).
    Removing system_stm32f4xx.o(.text), (196 bytes).
    Removing timers.o(.text), (86 bytes).
    Removing timers.o(.text), (30 bytes).
    Removing timers.o(.text), (8 bytes).
    Removing croutine.o(.text), (368 bytes).
    Removing croutine.o(.text), (140 bytes).
    Removing croutine.o(.text), (100 bytes).
    Removing croutine.o(.text), (128 bytes).
    Removing croutine.o(.text), (56 bytes).
    Removing croutine.o(.bss), (100 bytes).
    Removing croutine.o(.data), (28 bytes).
    Removing queue.o(.text), (86 bytes).
    Removing queue.o(.text), (26 bytes).
    Removing queue.o(.text), (56 bytes).
    Removing queue.o(.text), (64 bytes).
    Removing queue.o(.text), (36 bytes).
    Removing queue.o(.text), (134 bytes).
    Removing queue.o(.text), (28 bytes).
    Removing queue.o(.text), (20 bytes).
    Removing queue.o(.text), (34 bytes).
    Removing queue.o(.text), (8 bytes).
    Removing queue.o(.text), (6 bytes).
    Removing queue.o(.text), (8 bytes).
    Removing queue.o(.text), (30 bytes).
    Removing queue.o(.text), (34 bytes).
    Removing queue.o(.text), (44 bytes).
    Removing tasks.o(.text), (116 bytes).
    Removing tasks.o(.text), (144 bytes).
    Removing tasks.o(.text), (36 bytes).
    Removing tasks.o(.text), (192 bytes).
    Removing tasks.o(.text), (116 bytes).
    Removing tasks.o(.text), (80 bytes).
    Removing tasks.o(.text), (116 bytes).
    Removing tasks.o(.text), (144 bytes).
    Removing tasks.o(.text), (24 bytes).
    Removing tasks.o(.text), (36 bytes).
    Removing tasks.o(.text), (12 bytes).
    Removing tasks.o(.text), (212 bytes).
    Removing tasks.o(.text), (16 bytes).
    Removing tasks.o(.text), (8 bytes).
    Removing heap_2.o(.text), (12 bytes).
    Removing heap_2.o(.text), (2 bytes).
    Removing port.o(.text), (2 bytes).
    Removing ff.o(.text), (3212 bytes).
    Removing ff.o(.text), (26 bytes).
    Removing ff.o(.text), (228 bytes).
    Removing ff.o(.text), (310 bytes).
    Removing ff.o(.text), (44 bytes).
    Removing ff.o(.text), (360 bytes).
    Removing ff.o(.text), (468 bytes).
    Removing ff.o(.text), (524 bytes).
    Removing ff.o(.text), (182 bytes).
    Removing ff.o(.text), (22 bytes).
    Removing ff.o(.text), (432 bytes).
    Removing ff.o(.text), (110 bytes).
    Removing ff.o(.text), (88 bytes).
    Removing ff.o(.text), (58 bytes).
    Removing ff.o(.text), (276 bytes).
    Removing ff.o(.text), (156 bytes).
    Removing ff.o(.text), (178 bytes).
    Removing ff.o(.text), (384 bytes).
    Removing ff.o(.text), (88 bytes).
    Removing ff.o(.text), (86 bytes).
    Removing ff.o(.text), (288 bytes).
    Removing ff.o(.data), (6 bytes).
    Removing fattime.o(.text), (4 bytes).
    Removing diskio.o(.text), (8 bytes).
    Removing diskio.o(.text), (10 bytes).
    Removing diskio.o(.text), (16 bytes).
    Removing diskio.o(.text), (16 bytes).
    Removing diskio.o(.text), (16 bytes).
    Removing stm32f4xx_it.o(.rev16_text), (4 bytes).
    Removing stm32f4xx_it.o(.revsh_text), (4 bytes).
    Removing drv_i2c.o(.text), (6 bytes).
    Removing drv_i2c.o(.text), (2 bytes).
    Removing drv_i2c.o(.text), (6 bytes).
    Removing drv_i2c.o(.text), (2 bytes).
    Removing drv_i2c.o(.text), (2 bytes).
    Removing drv_i2c.o(.text), (20 bytes).
    Removing drv_i2c.o(.text), (2 bytes).
    Removing drv_i2c.o(.text), (2 bytes).
    Removing dadd.o(.text), (332 bytes).
    Removing dmul.o(.text), (224 bytes).
    Removing ddiv.o(.text), (222 bytes).
    Removing dfixul.o(.text), (48 bytes).
    Removing cdrcmple.o(.text), (40 bytes).
    Removing depilogue.o(.text), (190 bytes).

90 unused section(s) (total 12344 bytes) removed from the image.

==============================================================================

Image Symbol Table

    Local Symbols

    Symbol Name                              Value     Ov Type        Size  Object(Section)

    ../../microlib/division.c                0x00000000   Number         0  uidiv.o ABSOLUTE
    ../../microlib/division.c                0x00000000   Number         0  uldiv.o ABSOLUTE
    ../../microlib/fpadd.c                   0x00000000   Number         0  dadd.o ABSOLUTE
    ../../microlib/fpdiv.c                   0x00000000   Number         0  ddiv.o ABSOLUTE
    ../../microlib/fpepilogue.c              0x00000000   Number         0  depilogue.o ABSOLUTE
    ../../microlib/fpfix.c                   0x00000000   Number         0  dfixul.o ABSOLUTE
    ../../microlib/fpmul.c                   0x00000000   Number         0  dmul.o ABSOLUTE
    ../../microlib/init/entry.s              0x00000000   Number         0  entry.o ABSOLUTE
    ../../microlib/init/entry.s              0x00000000   Number         0  entry7a.o ABSOLUTE
    ../../microlib/init/entry.s              0x00000000   Number         0  entry8.o ABSOLUTE
    ../../microlib/init/entry.s              0x00000000   Number         0  entry7b.o ABSOLUTE
    ../../microlib/init/entry.s              0x00000000   Number         0  entry2.o ABSOLUTE
    ../../microlib/init/entry.s              0x00000000   Number         0  entry5.o ABSOLUTE
    ../../microlib/longlong.c                0x00000000   Number         0  llshl.o ABSOLUTE
    ../../microlib/longlong.c                0x00000000   Number         0  llushr.o ABSOLUTE
    ../../microlib/longlong.c                0x00000000   Number         0  llsshr.o ABSOLUTE
    ../../microlib/printf/printf.c           0x00000000   Number         0  printf1.o ABSOLUTE
    ../../microlib/printf/printf.c           0x00000000   Number         0  printf2.o ABSOLUTE
    ../../microlib/printf/printf.c           0x00000000   Number         0  printf3.o ABSOLUTE
    ../../microlib/printf/printf.c           0x00000000   Number         0  printf5.o ABSOLUTE
    ../../microlib/printf/printf.c           0x00000000   Number         0  printf6.o ABSOLUTE
    ../../microlib/printf/printf.c           0x00000000   Number         0  printf7.o ABSOLUTE
    ../../microlib/printf/printf.c           0x00000000   Number         0  printf8.o ABSOLUTE
    ../../microlib/printf/printf.c           0x00000000   Number         0  printf4.o ABSOLUTE
    ../../microlib/printf/printf.c           0x00000000   Number         0  printfa.o ABSOLUTE
    ../../microlib/printf/printf.c           0x00000000   Number         0  printfb.o ABSOLUTE
    ../../microlib/printf/printf.c           0x00000000   Number         0  printf0.o ABSOLUTE
    ../../microlib/printf/stubs.s            0x00000000   Number         0  stubs.o ABSOLUTE
    ../../microlib/stdio/fputc.c             0x00000000   Number         0  fputc.o ABSOLUTE
    ../../microlib/stdio/semi.s              0x00000000   Number         0  semi.o ABSOLUTE
    ../../microlib/stdio/streams.c           0x00000000   Number         0  stdout.o ABSOLUTE
    ../../microlib/string/memcpy.c           0x00000000   Number         0  memcpya.o ABSOLUTE
    ../../microlib/string/memcpy.c           0x00000000   Number         0  memcpyb.o ABSOLUTE
    ../../microlib/string/memset.c           0x00000000   Number         0  memseta.o ABSOLUTE
    ../../microlib/string/strcat.c           0x00000000   Number         0  strcat.o ABSOLUTE
    ../../microlib/string/strncpy.c          0x00000000   Number         0  strncpy.o ABSOLUTE
    ../../microlib/stubs.s                   0x00000000   Number         0  iusefp.o ABSOLUTE
    ../../microlib/stubs.s                   0x00000000   Number         0  iusesemip.o ABSOLUTE
    ..\..\..\platform\csp\arm\Device\ST\Source\MDK-ARM\startup_stm32f4xx.s 0x00000000   Number         0  startup_stm32f4xx.o ABSOLUTE
    ..\..\..\platform\csp\arm\Device\ST\Source\system_stm32f4xx.c 0x00000000   Number         0  system_stm32f4xx.o ABSOLUTE
    ..\..\..\platform\src\apps\main.c        0x00000000   Number         0  main.o ABSOLUTE
    ..\..\..\platform\src\drivers\i2c\drv_i2c.c 0x00000000   Number         0  drv_i2c.o ABSOLUTE
    ..\..\..\platform\sys\stm32f4xx_it.c     0x00000000   Number         0  stm32f4xx_it.o ABSOLUTE
    ..\..\..\utilities\fatfs\port\diskio.c   0x00000000   Number         0  diskio.o ABSOLUTE
    ..\..\..\utilities\fatfs\port\fattime.c  0x00000000   Number         0  fattime.o ABSOLUTE
    ..\..\..\utilities\fatfs\src\ff.c        0x00000000   Number         0  ff.o ABSOLUTE
    ..\..\..\utilities\freertos\Source\croutine.c 0x00000000   Number         0  croutine.o ABSOLUTE
    ..\..\..\utilities\freertos\Source\list.c 0x00000000   Number         0  list.o ABSOLUTE
    ..\..\..\utilities\freertos\Source\portable\MemMang\heap_2.c 0x00000000   Number         0  heap_2.o ABSOLUTE
    ..\..\..\utilities\freertos\Source\portable\stm32f4\MDK-ARM\port.c 0x00000000   Number         0  port.o ABSOLUTE
    ..\..\..\utilities\freertos\Source\queue.c 0x00000000   Number         0  queue.o ABSOLUTE
    ..\..\..\utilities\freertos\Source\tasks.c 0x00000000   Number         0  tasks.o ABSOLUTE
    ..\..\..\utilities\freertos\Source\timers.c 0x00000000   Number         0  timers.o ABSOLUTE
    ..\\..\\..\\platform\\csp\\arm\\Device\\ST\\Source\\system_stm32f4xx.c 0x00000000   Number         0  system_stm32f4xx.o ABSOLUTE
    ..\\..\\..\\platform\\sys\\stm32f4xx_it.c 0x00000000   Number         0  stm32f4xx_it.o ABSOLUTE
    ..\\..\\..\\utilities\\freertos\\Source\\portable\\stm32f4\\MDK-ARM\\port.c 0x00000000   Number         0  port.o ABSOLUTE
    cdrcmple.s                               0x00000000   Number         0  cdrcmple.o ABSOLUTE
    dc.s                                     0x00000000   Number         0  dc.o ABSOLUTE
    handlers.s                               0x00000000   Number         0  handlers.o ABSOLUTE
    init.s                                   0x00000000   Number         0  init.o ABSOLUTE
    RESET                                    0x08000000   Section      392  startup_stm32f4xx.o(RESET)
    .ARM.Collect$$$$00000000                 0x08000188   Section        0  entry.o(.ARM.Collect$$$$00000000)
    .ARM.Collect$$$$00000001                 0x08000188   Section        4  entry2.o(.ARM.Collect$$$$00000001)
    .ARM.Collect$$$$00000004                 0x0800018c   Section        4  entry5.o(.ARM.Collect$$$$00000004)
    .ARM.Collect$$$$00000008                 0x08000190   Section        0  entry7b.o(.ARM.Collect$$$$00000008)
    .ARM.Collect$$$$00000009                 0x08000190   Section        8  entry8.o(.ARM.Collect$$$$00000009)
    .ARM.Collect$$$$00002712                 0x08000198   Section        4  entry2.o(.ARM.Collect$$$$00002712)
    __lit__00000000                          0x08000198   Data           4  entry2.o(.ARM.Collect$$$$00002712)
    .emb_text                                0x0800019c   Section      168  port.o(.emb_text)
    $v0                                      0x0800019c   Number         0  port.o(.emb_text)
    .text                                    0x08000244   Section       36  startup_stm32f4xx.o(.text)
    $v0                                      0x08000244   Number         0  startup_stm32f4xx.o(.text)
    .text                                    0x08000268   Section        0  system_stm32f4xx.o(.text)
    SetSysClock                              0x08000269   Thumb Code   198  system_stm32f4xx.o(.text)
    .text                                    0x080003a4   Section        0  timers.o(.text)
    prvInsertTimerInActiveList               0x080003a5   Thumb Code    80  timers.o(.text)
    prvSwitchTimerLists                      0x08000459   Thumb Code   150  timers.o(.text)
    prvSampleTimeNow                         0x080004ef   Thumb Code    44  timers.o(.text)
    prvProcessReceivedCommands               0x0800051b   Thumb Code   198  timers.o(.text)
    prvProcessExpiredTimer                   0x080005e1   Thumb Code    82  timers.o(.text)
    prvProcessTimerOrBlockTask               0x08000633   Thumb Code    70  timers.o(.text)
    prvGetNextExpireTime                     0x08000679   Thumb Code    36  timers.o(.text)
    prvTimerTask                             0x0800069d   Thumb Code    26  timers.o(.text)
    prvCheckForValidListAndQueue             0x080006b7   Thumb Code    56  timers.o(.text)
    .text                                    0x0800074c   Section        0  list.o(.text)
    .text                                    0x080007e0   Section        0  queue.o(.text)
    prvUnlockQueue                           0x080008af   Thumb Code   126  queue.o(.text)
    prvIsQueueFull                           0x0800092d   Thumb Code    32  queue.o(.text)
    prvCopyDataToQueue                       0x0800094d   Thumb Code   104  queue.o(.text)
    prvIsQueueEmpty                          0x08000a9f   Thumb Code    28  queue.o(.text)
    prvCopyDataFromQueue                     0x08000abb   Thumb Code    42  queue.o(.text)
    vQueueUnregisterQueue                    0x08000ca5   Thumb Code    38  queue.o(.text)
    .text                                    0x08000d04   Section        0  tasks.o(.text)
    prvInitialiseTaskLists                   0x08000d05   Thumb Code    70  tasks.o(.text)
    prvInitialiseTCBVariables                0x08000d4b   Thumb Code    80  tasks.o(.text)
    prvAllocateTCBAndStack                   0x08000d9b   Thumb Code    58  tasks.o(.text)
    prvAddCurrentTaskToDelayedList           0x080010cb   Thumb Code   142  tasks.o(.text)
    prvDeleteTCB                             0x08001201   Thumb Code    18  tasks.o(.text)
    prvCheckTasksWaitingTermination          0x08001213   Thumb Code    82  tasks.o(.text)
    prvIdleTask                              0x08001265   Thumb Code    20  tasks.o(.text)
    usTaskCheckFreeStackSpace                0x080012d5   Thumb Code    22  tasks.o(.text)
    prvListTaskWithinSingleList              0x080012eb   Thumb Code   116  tasks.o(.text)
    .text                                    0x08001628   Section        0  heap_2.o(.text)
    .text                                    0x08001738   Section        0  port.o(.text)
    prvSetupTimerInterrupt                   0x08001759   Thumb Code    26  port.o(.text)
    .text                                    0x0800181c   Section        0  main.o(.text)
    .text                                    0x080018a8   Section        0  stm32f4xx_it.o(.text)
    .text                                    0x080018bc   Section        0  memcpya.o(.text)
    .text                                    0x080018e0   Section        0  memseta.o(.text)
    .text                                    0x08001906   Section        0  strcat.o(.text)
    .text                                    0x08001922   Section        0  strncpy.o(.text)
    .text                                    0x0800193a   Section        0  uidiv.o(.text)
    .text                                    0x08001968   Section       36  init.o(.text)
    i.__0sprintf$3                           0x0800198c   Section        0  printf3.o(i.__0sprintf$3)
    i.__scatterload_copy                     0x080019b4   Section       14  handlers.o(i.__scatterload_copy)
    i.__scatterload_null                     0x080019c2   Section        2  handlers.o(i.__scatterload_null)
    i.__scatterload_zeroinit                 0x080019c4   Section       14  handlers.o(i.__scatterload_zeroinit)
    i._printf_core                           0x080019d4   Section        0  printf3.o(i._printf_core)
    _printf_core                             0x080019d5   Thumb Code   432  printf3.o(i._printf_core)
    i._sputc                                 0x08001b88   Section        0  printf3.o(i._sputc)
    _sputc                                   0x08001b89   Thumb Code    10  printf3.o(i._sputc)
    .data                                    0x20000000   Section       20  system_stm32f4xx.o(.data)
    .data                                    0x20000014   Section       16  timers.o(.data)
    xTimerQueue                              0x20000014   Data           4  timers.o(.data)
    xLastTime                                0x20000018   Data           4  timers.o(.data)
    pxCurrentTimerList                       0x2000001c   Data           4  timers.o(.data)
    pxOverflowTimerList                      0x20000020   Data           4  timers.o(.data)
    .data                                    0x20000024   Section       60  tasks.o(.data)
    uxTasksDeleted                           0x20000028   Data           4  tasks.o(.data)
    uxCurrentNumberOfTasks                   0x2000002c   Data           4  tasks.o(.data)
    xTickCount                               0x20000030   Data           4  tasks.o(.data)
    uxTopUsedPriority                        0x20000034   Data           4  tasks.o(.data)
    uxTopReadyPriority                       0x20000038   Data           4  tasks.o(.data)
    xSchedulerRunning                        0x2000003c   Data           4  tasks.o(.data)
    uxSchedulerSuspended                     0x20000040   Data           4  tasks.o(.data)
    uxMissedTicks                            0x20000044   Data           4  tasks.o(.data)
    xMissedYield                             0x20000048   Data           4  tasks.o(.data)
    xNumOfOverflows                          0x2000004c   Data           4  tasks.o(.data)
    uxTaskNumber                             0x20000050   Data           4  tasks.o(.data)
    xNextTaskUnblockTime                     0x20000054   Data           4  tasks.o(.data)
    pxDelayedTaskList                        0x20000058   Data           4  tasks.o(.data)
    pxOverflowDelayedTaskList                0x2000005c   Data           4  tasks.o(.data)
    .data                                    0x20000060   Section       24  heap_2.o(.data)
    xFreeBytesRemaining                      0x20000060   Data           4  heap_2.o(.data)
    xHeapHasBeenInitialised                  0x20000064   Data           4  heap_2.o(.data)
    xStart                                   0x20000068   Data           8  heap_2.o(.data)
    xEnd                                     0x20000070   Data           8  heap_2.o(.data)
    .data                                    0x20000078   Section        4  port.o(.data)
    uxCriticalNesting                        0x20000078   Data           4  port.o(.data)
    .data                                    0x2000007c   Section        4  main.o(.data)
    .bss                                     0x20000080   Section       40  timers.o(.bss)
    xActiveTimerList1                        0x20000080   Data          20  timers.o(.bss)
    xActiveTimerList2                        0x20000094   Data          20  timers.o(.bss)
    .bss                                     0x200000a8   Section       64  queue.o(.bss)
    .bss                                     0x200000e8   Section      252  tasks.o(.bss)
    pcStatusString                           0x200000e8   Data          50  tasks.o(.bss)
    pxReadyTasksLists                        0x2000011c   Data         100  tasks.o(.bss)
    xDelayedTaskList1                        0x20000180   Data          20  tasks.o(.bss)
    xDelayedTaskList2                        0x20000194   Data          20  tasks.o(.bss)
    xPendingReadyList                        0x200001a8   Data          20  tasks.o(.bss)
    xTasksWaitingTermination                 0x200001bc   Data          20  tasks.o(.bss)
    xSuspendedTaskList                       0x200001d0   Data          20  tasks.o(.bss)
    .bss                                     0x200001e8   Section    40960  heap_2.o(.bss)
    xHeap                                    0x200001e8   Data       40960  heap_2.o(.bss)
    STACK                                    0x2000a1e8   Section     1024  startup_stm32f4xx.o(STACK)

    Global Symbols

    Symbol Name                              Value     Ov Type        Size  Object(Section)

    BuildAttributes$$THM_ISAv4$E$P$D$K$B$S$7EM$VFPi3$EXTD16$VFPS$VFMA$PE$A:L22UL41UL21$X:L11$S22US41US21$IEEE1$IW$USESV6$~STKCKD$USESV7$~SHL$OSPACE$ROPI$EBA8$MICROLIB$REQ8$PRES8$EABIv2 0x00000000   Number         0  anon$$obj.o ABSOLUTE
    __ARM_use_no_argv                        0x00000000   Number         0  main.o ABSOLUTE
    _printf_a                                0x00000000   Number         0  stubs.o ABSOLUTE
    _printf_c                                0x00000000   Number         0  stubs.o ABSOLUTE
    _printf_charcount                        0x00000000   Number         0  stubs.o ABSOLUTE
    _printf_d                                0x00000000   Number         0  stubs.o ABSOLUTE
    _printf_e                                0x00000000   Number         0  stubs.o ABSOLUTE
    _printf_f                                0x00000000   Number         0  stubs.o ABSOLUTE
    _printf_flags                            0x00000000   Number         0  stubs.o ABSOLUTE
    _printf_fp_dec                           0x00000000   Number         0  stubs.o ABSOLUTE
    _printf_fp_hex                           0x00000000   Number         0  stubs.o ABSOLUTE
    _printf_g                                0x00000000   Number         0  stubs.o ABSOLUTE
    _printf_i                                0x00000000   Number         0  stubs.o ABSOLUTE
    _printf_int_dec                          0x00000000   Number         0  stubs.o ABSOLUTE
    _printf_l                                0x00000000   Number         0  stubs.o ABSOLUTE
    _printf_lc                               0x00000000   Number         0  stubs.o ABSOLUTE
    _printf_ll                               0x00000000   Number         0  stubs.o ABSOLUTE
    _printf_lld                              0x00000000   Number         0  stubs.o ABSOLUTE
    _printf_lli                              0x00000000   Number         0  stubs.o ABSOLUTE
    _printf_llo                              0x00000000   Number         0  stubs.o ABSOLUTE
    _printf_llu                              0x00000000   Number         0  stubs.o ABSOLUTE
    _printf_llx                              0x00000000   Number         0  stubs.o ABSOLUTE
    _printf_longlong_dec                     0x00000000   Number         0  stubs.o ABSOLUTE
    _printf_longlong_hex                     0x00000000   Number         0  stubs.o ABSOLUTE
    _printf_longlong_oct                     0x00000000   Number         0  stubs.o ABSOLUTE
    _printf_ls                               0x00000000   Number         0  stubs.o ABSOLUTE
    _printf_mbtowc                           0x00000000   Number         0  stubs.o ABSOLUTE
    _printf_n                                0x00000000   Number         0  stubs.o ABSOLUTE
    _printf_o                                0x00000000   Number         0  stubs.o ABSOLUTE
    _printf_p                                0x00000000   Number         0  stubs.o ABSOLUTE
    _printf_percent                          0x00000000   Number         0  stubs.o ABSOLUTE
    _printf_pre_padding                      0x00000000   Number         0  stubs.o ABSOLUTE
    _printf_return_value                     0x00000000   Number         0  stubs.o ABSOLUTE
    _printf_s                                0x00000000   Number         0  stubs.o ABSOLUTE
    _printf_sizespec                         0x00000000   Number         0  stubs.o ABSOLUTE
    _printf_str                              0x00000000   Number         0  stubs.o ABSOLUTE
    _printf_truncate_signed                  0x00000000   Number         0  stubs.o ABSOLUTE
    _printf_truncate_unsigned                0x00000000   Number         0  stubs.o ABSOLUTE
    _printf_u                                0x00000000   Number         0  stubs.o ABSOLUTE
    _printf_wc                               0x00000000   Number         0  stubs.o ABSOLUTE
    _printf_wctomb                           0x00000000   Number         0  stubs.o ABSOLUTE
    _printf_widthprec                        0x00000000   Number         0  stubs.o ABSOLUTE
    _printf_x                                0x00000000   Number         0  stubs.o ABSOLUTE
    __decompress                              - Undefined Weak Reference
    _clock_init                               - Undefined Weak Reference
    __Vectors_Size                           0x00000188   Number         0  startup_stm32f4xx.o ABSOLUTE
    __Vectors                                0x08000000   Data           4  startup_stm32f4xx.o(RESET)
    __Vectors_End                            0x08000188   Data           0  startup_stm32f4xx.o(RESET)
    __main                                   0x08000189   Thumb Code     0  entry.o(.ARM.Collect$$$$00000000)
    _main_stk                                0x08000189   Thumb Code     0  entry2.o(.ARM.Collect$$$$00000001)
    _main_scatterload                        0x0800018d   Thumb Code     0  entry5.o(.ARM.Collect$$$$00000004)
    __main_after_scatterload                 0x08000191   Thumb Code     0  entry5.o(.ARM.Collect$$$$00000004)
    _main_clock                              0x08000191   Thumb Code     0  entry7b.o(.ARM.Collect$$$$00000008)
    _main_init                               0x08000191   Thumb Code     0  entry8.o(.ARM.Collect$$$$00000009)
    SVC_Handler                              0x0800019d   Thumb Code    24  port.o(.emb_text)
    __asm___6_port_c_39a90d8d__prvStartFirstTask 0x080001b9   Thumb Code    16  port.o(.emb_text)
    __asm___6_port_c_39a90d8d__prvEnableVFP  0x080001cd   Thumb Code    16  port.o(.emb_text)
    PendSV_Handler                           0x080001e1   Thumb Code    76  port.o(.emb_text)
    vPortSetInterruptMask                    0x08000231   Thumb Code    10  port.o(.emb_text)
    vPortClearInterruptMask                  0x0800023b   Thumb Code    10  port.o(.emb_text)
    Reset_Handler                            0x08000245   Thumb Code     8  startup_stm32f4xx.o(.text)
    ADC_IRQHandler                           0x0800025f   Thumb Code     0  startup_stm32f4xx.o(.text)
    CAN1_RX0_IRQHandler                      0x0800025f   Thumb Code     0  startup_stm32f4xx.o(.text)
    CAN1_RX1_IRQHandler                      0x0800025f   Thumb Code     0  startup_stm32f4xx.o(.text)
    CAN1_SCE_IRQHandler                      0x0800025f   Thumb Code     0  startup_stm32f4xx.o(.text)
    CAN1_TX_IRQHandler                       0x0800025f   Thumb Code     0  startup_stm32f4xx.o(.text)
    CAN2_RX0_IRQHandler                      0x0800025f   Thumb Code     0  startup_stm32f4xx.o(.text)
    CAN2_RX1_IRQHandler                      0x0800025f   Thumb Code     0  startup_stm32f4xx.o(.text)
    CAN2_SCE_IRQHandler                      0x0800025f   Thumb Code     0  startup_stm32f4xx.o(.text)
    CAN2_TX_IRQHandler                       0x0800025f   Thumb Code     0  startup_stm32f4xx.o(.text)
    CRYP_IRQHandler                          0x0800025f   Thumb Code     0  startup_stm32f4xx.o(.text)
    DCMI_IRQHandler                          0x0800025f   Thumb Code     0  startup_stm32f4xx.o(.text)
    DMA1_Stream0_IRQHandler                  0x0800025f   Thumb Code     0  startup_stm32f4xx.o(.text)
    DMA1_Stream1_IRQHandler                  0x0800025f   Thumb Code     0  startup_stm32f4xx.o(.text)
    DMA1_Stream2_IRQHandler                  0x0800025f   Thumb Code     0  startup_stm32f4xx.o(.text)
    DMA1_Stream3_IRQHandler                  0x0800025f   Thumb Code     0  startup_stm32f4xx.o(.text)
    DMA1_Stream4_IRQHandler                  0x0800025f   Thumb Code     0  startup_stm32f4xx.o(.text)
    DMA1_Stream5_IRQHandler                  0x0800025f   Thumb Code     0  startup_stm32f4xx.o(.text)
    DMA1_Stream6_IRQHandler                  0x0800025f   Thumb Code     0  startup_stm32f4xx.o(.text)
    DMA1_Stream7_IRQHandler                  0x0800025f   Thumb Code     0  startup_stm32f4xx.o(.text)
    DMA2_Stream0_IRQHandler                  0x0800025f   Thumb Code     0  startup_stm32f4xx.o(.text)
    DMA2_Stream1_IRQHandler                  0x0800025f   Thumb Code     0  startup_stm32f4xx.o(.text)
    DMA2_Stream2_IRQHandler                  0x0800025f   Thumb Code     0  startup_stm32f4xx.o(.text)
    DMA2_Stream3_IRQHandler                  0x0800025f   Thumb Code     0  startup_stm32f4xx.o(.text)
    DMA2_Stream4_IRQHandler                  0x0800025f   Thumb Code     0  startup_stm32f4xx.o(.text)
    DMA2_Stream5_IRQHandler                  0x0800025f   Thumb Code     0  startup_stm32f4xx.o(.text)
    DMA2_Stream6_IRQHandler                  0x0800025f   Thumb Code     0  startup_stm32f4xx.o(.text)
    DMA2_Stream7_IRQHandler                  0x0800025f   Thumb Code     0  startup_stm32f4xx.o(.text)
    ETH_IRQHandler                           0x0800025f   Thumb Code     0  startup_stm32f4xx.o(.text)
    ETH_WKUP_IRQHandler                      0x0800025f   Thumb Code     0  startup_stm32f4xx.o(.text)
    EXTI0_IRQHandler                         0x0800025f   Thumb Code     0  startup_stm32f4xx.o(.text)
    EXTI15_10_IRQHandler                     0x0800025f   Thumb Code     0  startup_stm32f4xx.o(.text)
    EXTI1_IRQHandler                         0x0800025f   Thumb Code     0  startup_stm32f4xx.o(.text)
    EXTI2_IRQHandler                         0x0800025f   Thumb Code     0  startup_stm32f4xx.o(.text)
    EXTI3_IRQHandler                         0x0800025f   Thumb Code     0  startup_stm32f4xx.o(.text)
    EXTI4_IRQHandler                         0x0800025f   Thumb Code     0  startup_stm32f4xx.o(.text)
    EXTI9_5_IRQHandler                       0x0800025f   Thumb Code     0  startup_stm32f4xx.o(.text)
    FLASH_IRQHandler                         0x0800025f   Thumb Code     0  startup_stm32f4xx.o(.text)
    FPU_IRQHandler                           0x0800025f   Thumb Code     0  startup_stm32f4xx.o(.text)
    FSMC_IRQHandler                          0x0800025f   Thumb Code     0  startup_stm32f4xx.o(.text)
    HASH_RNG_IRQHandler                      0x0800025f   Thumb Code     0  startup_stm32f4xx.o(.text)
    I2C1_ER_IRQHandler                       0x0800025f   Thumb Code     0  startup_stm32f4xx.o(.text)
    I2C1_EV_IRQHandler                       0x0800025f   Thumb Code     0  startup_stm32f4xx.o(.text)
    I2C2_ER_IRQHandler                       0x0800025f   Thumb Code     0  startup_stm32f4xx.o(.text)
    I2C2_EV_IRQHandler                       0x0800025f   Thumb Code     0  startup_stm32f4xx.o(.text)
    I2C3_ER_IRQHandler                       0x0800025f   Thumb Code     0  startup_stm32f4xx.o(.text)
    I2C3_EV_IRQHandler                       0x0800025f   Thumb Code     0  startup_stm32f4xx.o(.text)
    OTG_FS_IRQHandler                        0x0800025f   Thumb Code     0  startup_stm32f4xx.o(.text)
    OTG_FS_WKUP_IRQHandler                   0x0800025f   Thumb Code     0  startup_stm32f4xx.o(.text)
    OTG_HS_EP1_IN_IRQHandler                 0x0800025f   Thumb Code     0  startup_stm32f4xx.o(.text)
    OTG_HS_EP1_OUT_IRQHandler                0x0800025f   Thumb Code     0  startup_stm32f4xx.o(.text)
    OTG_HS_IRQHandler                        0x0800025f   Thumb Code     0  startup_stm32f4xx.o(.text)
    OTG_HS_WKUP_IRQHandler                   0x0800025f   Thumb Code     0  startup_stm32f4xx.o(.text)
    PVD_IRQHandler                           0x0800025f   Thumb Code     0  startup_stm32f4xx.o(.text)
    RCC_IRQHandler                           0x0800025f   Thumb Code     0  startup_stm32f4xx.o(.text)
    RTC_Alarm_IRQHandler                     0x0800025f   Thumb Code     0  startup_stm32f4xx.o(.text)
    RTC_WKUP_IRQHandler                      0x0800025f   Thumb Code     0  startup_stm32f4xx.o(.text)
    SDIO_IRQHandler                          0x0800025f   Thumb Code     0  startup_stm32f4xx.o(.text)
    SPI1_IRQHandler                          0x0800025f   Thumb Code     0  startup_stm32f4xx.o(.text)
    SPI2_IRQHandler                          0x0800025f   Thumb Code     0  startup_stm32f4xx.o(.text)
    SPI3_IRQHandler                          0x0800025f   Thumb Code     0  startup_stm32f4xx.o(.text)
    TAMP_STAMP_IRQHandler                    0x0800025f   Thumb Code     0  startup_stm32f4xx.o(.text)
    TIM1_BRK_TIM9_IRQHandler                 0x0800025f   Thumb Code     0  startup_stm32f4xx.o(.text)
    TIM1_CC_IRQHandler                       0x0800025f   Thumb Code     0  startup_stm32f4xx.o(.text)
    TIM1_TRG_COM_TIM11_IRQHandler            0x0800025f   Thumb Code     0  startup_stm32f4xx.o(.text)
    TIM1_UP_TIM10_IRQHandler                 0x0800025f   Thumb Code     0  startup_stm32f4xx.o(.text)
    TIM2_IRQHandler                          0x0800025f   Thumb Code     0  startup_stm32f4xx.o(.text)
    TIM3_IRQHandler                          0x0800025f   Thumb Code     0  startup_stm32f4xx.o(.text)
    TIM4_IRQHandler                          0x0800025f   Thumb Code     0  startup_stm32f4xx.o(.text)
    TIM5_IRQHandler                          0x0800025f   Thumb Code     0  startup_stm32f4xx.o(.text)
    TIM6_DAC_IRQHandler                      0x0800025f   Thumb Code     0  startup_stm32f4xx.o(.text)
    TIM7_IRQHandler                          0x0800025f   Thumb Code     0  startup_stm32f4xx.o(.text)
    TIM8_BRK_TIM12_IRQHandler                0x0800025f   Thumb Code     0  startup_stm32f4xx.o(.text)
    TIM8_CC_IRQHandler                       0x0800025f   Thumb Code     0  startup_stm32f4xx.o(.text)
    TIM8_TRG_COM_TIM14_IRQHandler            0x0800025f   Thumb Code     0  startup_stm32f4xx.o(.text)
    TIM8_UP_TIM13_IRQHandler                 0x0800025f   Thumb Code     0  startup_stm32f4xx.o(.text)
    UART4_IRQHandler                         0x0800025f   Thumb Code     0  startup_stm32f4xx.o(.text)
    UART5_IRQHandler                         0x0800025f   Thumb Code     0  startup_stm32f4xx.o(.text)
    USART1_IRQHandler                        0x0800025f   Thumb Code     0  startup_stm32f4xx.o(.text)
    USART2_IRQHandler                        0x0800025f   Thumb Code     0  startup_stm32f4xx.o(.text)
    USART3_IRQHandler                        0x0800025f   Thumb Code     0  startup_stm32f4xx.o(.text)
    USART6_IRQHandler                        0x0800025f   Thumb Code     0  startup_stm32f4xx.o(.text)
    WWDG_IRQHandler                          0x0800025f   Thumb Code     0  startup_stm32f4xx.o(.text)
    SystemInit                               0x0800032f   Thumb Code    88  system_stm32f4xx.o(.text)
    xTimerGenericCommand                     0x080003f5   Thumb Code   100  timers.o(.text)
    xTimerCreateTimerTask                    0x080006ef   Thumb Code    58  timers.o(.text)
    vListInitialise                          0x0800074d   Thumb Code    26  list.o(.text)
    vListInitialiseItem                      0x08000767   Thumb Code     6  list.o(.text)
    vListInsertEnd                           0x0800076d   Thumb Code    28  list.o(.text)
    vListInsert                              0x08000789   Thumb Code    52  list.o(.text)
    vListRemove                              0x080007bd   Thumb Code    36  list.o(.text)
    xQueueGenericReset                       0x080007e1   Thumb Code   114  queue.o(.text)
    xQueueGenericCreate                      0x08000853   Thumb Code    92  queue.o(.text)
    xQueueGenericSend                        0x080009b5   Thumb Code   234  queue.o(.text)
    xQueueGenericReceive                     0x08000ae5   Thumb Code   312  queue.o(.text)
    xQueueGenericSendFromISR                 0x08000c1d   Thumb Code   136  queue.o(.text)
    vQueueWaitForMessageRestricted           0x08000ccb   Thumb Code    52  queue.o(.text)
    xTaskGenericCreate                       0x08000dd5   Thumb Code   302  tasks.o(.text)
    vTaskIncrementTick                       0x08000f03   Thumb Code   254  tasks.o(.text)
    xTaskResumeAll                           0x08001001   Thumb Code   202  tasks.o(.text)
    vTaskSuspendAll                          0x08001159   Thumb Code    12  tasks.o(.text)
    vTaskDelay                               0x08001165   Thumb Code    48  tasks.o(.text)
    vTaskSwitchContext                       0x08001195   Thumb Code   108  tasks.o(.text)
    vTaskStartScheduler                      0x08001279   Thumb Code    74  tasks.o(.text)
    xTaskGetTickCount                        0x080012c3   Thumb Code    18  tasks.o(.text)
    vTaskPlaceOnEventList                    0x0800135f   Thumb Code    70  tasks.o(.text)
    vTaskPlaceOnEventListRestricted          0x080013a5   Thumb Code    52  tasks.o(.text)
    xTaskRemoveFromEventList                 0x080013d9   Thumb Code   106  tasks.o(.text)
    vTaskSetTimeOutState                     0x08001443   Thumb Code    28  tasks.o(.text)
    xTaskCheckForTimeOut                     0x0800145f   Thumb Code   112  tasks.o(.text)
    vTaskMissedYield                         0x080014cf   Thumb Code     8  tasks.o(.text)
    xTaskGetCurrentTaskHandle                0x080014d7   Thumb Code     6  tasks.o(.text)
    xTaskGetSchedulerState                   0x080014dd   Thumb Code    24  tasks.o(.text)
    vTaskPriorityInherit                     0x080014f5   Thumb Code   224  tasks.o(.text)
    vTaskPriorityDisinherit                  0x080015d5   Thumb Code    70  tasks.o(.text)
    pvPortMalloc                             0x08001629   Thumb Code   194  heap_2.o(.text)
    vPortFree                                0x080016eb   Thumb Code    56  heap_2.o(.text)
    pxPortInitialiseStack                    0x08001739   Thumb Code    32  port.o(.text)
    xPortStartScheduler                      0x08001773   Thumb Code    58  port.o(.text)
    vPortYieldFromISR                        0x080017ad   Thumb Code    12  port.o(.text)
    vPortEnterCritical                       0x080017b9   Thumb Code    18  port.o(.text)
    vPortExitCritical                        0x080017cb   Thumb Code    24  port.o(.text)
    SysTick_Handler                          0x080017e3   Thumb Code    40  port.o(.text)
    vLoopTask                                0x0800181d   Thumb Code    32  main.o(.text)
    main                                     0x0800183d   Thumb Code    86  main.o(.text)
    NMI_Handler                              0x080018a9   Thumb Code     2  stm32f4xx_it.o(.text)
    HardFault_Handler                        0x080018ab   Thumb Code     4  stm32f4xx_it.o(.text)
    MemManage_Handler                        0x080018af   Thumb Code     4  stm32f4xx_it.o(.text)
    BusFault_Handler                         0x080018b3   Thumb Code     4  stm32f4xx_it.o(.text)
    UsageFault_Handler                       0x080018b7   Thumb Code     4  stm32f4xx_it.o(.text)
    DebugMon_Handler                         0x080018bb   Thumb Code     2  stm32f4xx_it.o(.text)
    __aeabi_memcpy                           0x080018bd   Thumb Code    36  memcpya.o(.text)
    __aeabi_memcpy4                          0x080018bd   Thumb Code     0  memcpya.o(.text)
    __aeabi_memcpy8                          0x080018bd   Thumb Code     0  memcpya.o(.text)
    __aeabi_memset                           0x080018e1   Thumb Code    14  memseta.o(.text)
    __aeabi_memset4                          0x080018e1   Thumb Code     0  memseta.o(.text)
    __aeabi_memset8                          0x080018e1   Thumb Code     0  memseta.o(.text)
    __aeabi_memclr                           0x080018ef   Thumb Code     4  memseta.o(.text)
    __aeabi_memclr4                          0x080018ef   Thumb Code     0  memseta.o(.text)
    __aeabi_memclr8                          0x080018ef   Thumb Code     0  memseta.o(.text)
    _memset$wrapper                          0x080018f3   Thumb Code    20  memseta.o(.text)
    strcat                                   0x08001907   Thumb Code    28  strcat.o(.text)
    strncpy                                  0x08001923   Thumb Code    24  strncpy.o(.text)
    __aeabi_uidiv                            0x0800193b   Thumb Code     0  uidiv.o(.text)
    __aeabi_uidivmod                         0x0800193b   Thumb Code    44  uidiv.o(.text)
    __scatterload                            0x08001969   Thumb Code    28  init.o(.text)
    __scatterload_rt2                        0x08001969   Thumb Code     0  init.o(.text)
    __0sprintf$3                             0x0800198d   Thumb Code    34  printf3.o(i.__0sprintf$3)
    __1sprintf$3                             0x0800198d   Thumb Code     0  printf3.o(i.__0sprintf$3)
    __2sprintf                               0x0800198d   Thumb Code     0  printf3.o(i.__0sprintf$3)
    __scatterload_copy                       0x080019b5   Thumb Code    14  handlers.o(i.__scatterload_copy)
    __scatterload_null                       0x080019c3   Thumb Code     2  handlers.o(i.__scatterload_null)
    __scatterload_zeroinit                   0x080019c5   Thumb Code    14  handlers.o(i.__scatterload_zeroinit)
    Region$$Table$$Base                      0x08001b94   Number         0  anon$$obj.o(Region$$Table)
    Region$$Table$$Limit                     0x08001bb4   Number         0  anon$$obj.o(Region$$Table)
    SystemCoreClock                          0x20000000   Data           4  system_stm32f4xx.o(.data)
    AHBPrescTable                            0x20000004   Data          16  system_stm32f4xx.o(.data)
    pxCurrentTCB                             0x20000024   Data           4  tasks.o(.data)
    count                                    0x2000007c   Data           4  main.o(.data)
    xQueueRegistry                           0x200000a8   Data          64  queue.o(.bss)
    __initial_sp                             0x2000a5e8   Data           0  startup_stm32f4xx.o(STACK)



==============================================================================

Memory Map of the image

  Image Entry point : 0x08000189

  Load Region LR_IROM1 (Base: 0x08000000, Size: 0x00001c34, Max: 0x00100000, ABSOLUTE)

    Execution Region ER_IROM1 (Base: 0x08000000, Size: 0x00001bb4, Max: 0x00100000, ABSOLUTE)

    Base Addr    Size         Type   Attr      Idx    E Section Name        Object

    0x08000000   0x00000188   Data   RO            3    RESET               startup_stm32f4xx.o
    0x08000188   0x00000000   Code   RO          858  * .ARM.Collect$$$$00000000  mc_w.l(entry.o)
    0x08000188   0x00000004   Code   RO         1132    .ARM.Collect$$$$00000001  mc_w.l(entry2.o)
    0x0800018c   0x00000004   Code   RO         1135    .ARM.Collect$$$$00000004  mc_w.l(entry5.o)
    0x08000190   0x00000000   Code   RO         1137    .ARM.Collect$$$$00000008  mc_w.l(entry7b.o)
    0x08000190   0x00000008   Code   RO         1138    .ARM.Collect$$$$00000009  mc_w.l(entry8.o)
    0x08000198   0x00000004   Code   RO         1133    .ARM.Collect$$$$00002712  mc_w.l(entry2.o)
    0x0800019c   0x000000a8   Code   RO          521    .emb_text           port.o
    0x08000244   0x00000024   Code   RO            4    .text               startup_stm32f4xx.o
    0x08000268   0x0000013c   Code   RO           12    .text               system_stm32f4xx.o
    0x080003a4   0x000003a8   Code   RO          143    .text               timers.o
    0x0800074c   0x00000094   Code   RO          252    .text               list.o
    0x080007e0   0x00000524   Code   RO          270    .text               queue.o
    0x08000d04   0x00000924   Code   RO          378    .text               tasks.o
    0x08001628   0x00000110   Code   RO          494    .text               heap_2.o
    0x08001738   0x000000e4   Code   RO          522    .text               port.o
    0x0800181c   0x0000008c   Code   RO          741    .text               main.o
    0x080018a8   0x00000014   Code   RO          764    .text               stm32f4xx_it.o
    0x080018bc   0x00000024   Code   RO          861    .text               mc_w.l(memcpya.o)
    0x080018e0   0x00000026   Code   RO          863    .text               mc_w.l(memseta.o)
    0x08001906   0x0000001c   Code   RO          865    .text               mc_w.l(strcat.o)
    0x08001922   0x00000018   Code   RO          867    .text               mc_w.l(strncpy.o)
    0x0800193a   0x0000002c   Code   RO         1142    .text               mc_w.l(uidiv.o)
    0x08001966   0x00000002   PAD
    0x08001968   0x00000024   Code   RO         1157    .text               mc_w.l(init.o)
    0x0800198c   0x00000028   Code   RO          962    i.__0sprintf$3      mc_w.l(printf3.o)
    0x080019b4   0x0000000e   Code   RO         1171    i.__scatterload_copy  mc_w.l(handlers.o)
    0x080019c2   0x00000002   Code   RO         1172    i.__scatterload_null  mc_w.l(handlers.o)
    0x080019c4   0x0000000e   Code   RO         1173    i.__scatterload_zeroinit  mc_w.l(handlers.o)
    0x080019d2   0x00000002   PAD
    0x080019d4   0x000001b4   Code   RO          967    i._printf_core      mc_w.l(printf3.o)
    0x08001b88   0x0000000a   Code   RO          969    i._sputc            mc_w.l(printf3.o)
    0x08001b92   0x00000002   PAD
    0x08001b94   0x00000020   Data   RO         1169    Region$$Table       anon$$obj.o


    Execution Region RW_IRAM1 (Base: 0x20000000, Size: 0x0000a5e8, Max: 0x00020000, ABSOLUTE)

    Base Addr    Size         Type   Attr      Idx    E Section Name        Object

    0x20000000   0x00000014   Data   RW           14    .data               system_stm32f4xx.o
    0x20000014   0x00000010   Data   RW          148    .data               timers.o
    0x20000024   0x0000003c   Data   RW          394    .data               tasks.o
    0x20000060   0x00000018   Data   RW          498    .data               heap_2.o
    0x20000078   0x00000004   Data   RW          524    .data               port.o
    0x2000007c   0x00000004   Data   RW          742    .data               main.o
    0x20000080   0x00000028   Zero   RW          147    .bss                timers.o
    0x200000a8   0x00000040   Zero   RW          286    .bss                queue.o
    0x200000e8   0x000000fc   Zero   RW          393    .bss                tasks.o
    0x200001e4   0x00000004   PAD
    0x200001e8   0x0000a000   Zero   RW          497    .bss                heap_2.o
    0x2000a1e8   0x00000400   Zero   RW            1    STACK               startup_stm32f4xx.o


==============================================================================

Image component sizes


      Code (inc. data)   RO Data    RW Data    ZI Data      Debug   Object Name

       272         22          0         24      40960       3149   heap_2.o
       148          0          0          0          0       3169   list.o
       140         22          0          4          0        989   main.o
       396         34          0          4          0       2783   port.o
      1316          6          0          0         64       7053   queue.o
        36          8        392          0       1024        900   startup_stm32f4xx.o
        20          0          0          0          0        955   stm32f4xx_it.o
       316         30          0         20          0       5677   system_stm32f4xx.o
      2340        192          0         60        252      11318   tasks.o
       936         36          0         16         40      14341   timers.o

    ----------------------------------------------------------------------
      5920        350        424        128      42344      50334   Object Totals
         0          0         32          0          0          0   (incl. Generated)
         0          0          0          0          4          0   (incl. Padding)

    ----------------------------------------------------------------------

      Code (inc. data)   RO Data    RW Data    ZI Data      Debug   Library Member Name

         0          0          0          0          0          0   entry.o
         8          4          0          0          0          0   entry2.o
         4          0          0          0          0          0   entry5.o
         0          0          0          0          0          0   entry7b.o
         8          4          0          0          0          0   entry8.o
        30          0          0          0          0          0   handlers.o
        36          8          0          0          0         68   init.o
        36          0          0          0          0         68   memcpya.o
        38          0          0          0          0        108   memseta.o
       486         10          0          0          0        248   printf3.o
        28          0          0          0          0         68   strcat.o
        24          0          0          0          0         76   strncpy.o
        44          0          0          0          0         80   uidiv.o

    ----------------------------------------------------------------------
       748         26          0          0          0        716   Library Totals
         6          0          0          0          0          0   (incl. Padding)

    ----------------------------------------------------------------------

      Code (inc. data)   RO Data    RW Data    ZI Data      Debug   Library Name

       742         26          0          0          0        716   mc_w.l

    ----------------------------------------------------------------------
       748         26          0          0          0        716   Library Totals

    ----------------------------------------------------------------------

==============================================================================


      Code (inc. data)   RO Data    RW Data    ZI Data      Debug   

      6668        376        424        128      42344      49738   Grand Totals
      6668        376        424        128      42344      49738   ELF Image Totals
      6668        376        424        128          0          0   ROM Totals

==============================================================================

    Total RO  Size (Code + RO Data)                 7092 (   6.93kB)
    Total RW  Size (RW Data + ZI Data)             42472 (  41.48kB)
    Total ROM Size (Code + RO Data + RW Data)       7220 (   7.05kB)

==============================================================================

