<html>
<body>
<pre>
<h1>µVision Build Log</h1>
<h2>Project:</h2>
D:\TMR_FC\build\tmr-fc.uvproj
Project File Date:  07/28/2012

<h2>Output:</h2>
Rebuild target 'TMR-FC'
compiling main.c...
compiling stm32f4xx_it.c...
assembling startup_stm32f4xx.s...
compiling system_stm32f4xx.c...
compiling timers.c...
compiling croutine.c...
compiling list.c...
compiling queue.c...
compiling tasks.c...
compiling port.c...
compiling heap_2.c...
compiling ff.c...
compiling fattime.c...
compiling diskio.c...
linking...
Program Size: Code=6608 RO-data=424 RW-data=128 ZI-data=42344  
"tmr-fc.axf" - 0 Error(s), 0 Warning(s).
Clean started: Project: 'tmr-fc'
   deleting intermediate output files for target 'TMR-FC'
Rebuild target 'TMR-FC'
compiling main.c...
compiling stm32f4xx_it.c...
assembling startup_stm32f4xx.s...
compiling system_stm32f4xx.c...
compiling timers.c...
compiling croutine.c...
compiling list.c...
compiling queue.c...
compiling tasks.c...
compiling port.c...
compiling heap_2.c...
compiling ff.c...
compiling fattime.c...
compiling diskio.c...
linking...
Program Size: Code=8716 RO-data=424 RW-data=128 ZI-data=42344  
"tmr-fc.axf" - 0 Error(s), 0 Warning(s).
 
*** Rebuilding with Cross-Module Feedback:
Rebuild target 'TMR-FC'
compiling main.c...
compiling stm32f4xx_it.c...
assembling startup_stm32f4xx.s...
compiling system_stm32f4xx.c...
compiling timers.c...
compiling croutine.c...
compiling list.c...
compiling queue.c...
compiling tasks.c...
compiling port.c...
compiling heap_2.c...
compiling ff.c...
compiling fattime.c...
compiling diskio.c...
linking...
Program Size: Code=6624 RO-data=424 RW-data=128 ZI-data=42344  
"tmr-fc.axf" - 0 Error(s), 0 Warning(s).
Clean started: Project: 'tmr-fc'
   deleting intermediate output files for target 'TMR-FC'
Rebuild target 'TMR-FC'
compiling main.c...
compiling stm32f4xx_it.c...
assembling startup_stm32f4xx.s...
compiling system_stm32f4xx.c...
compiling timers.c...
compiling croutine.c...
compiling list.c...
compiling queue.c...
compiling tasks.c...
compiling port.c...
compiling heap_2.c...
compiling ff.c...
compiling fattime.c...
compiling diskio.c...
linking...
Program Size: Code=8716 RO-data=424 RW-data=128 ZI-data=42344  
".\obj\tmr-fc.axf" - 0 Error(s), 0 Warning(s).
 
*** Rebuilding with Cross-Module Feedback:
Rebuild target 'TMR-FC'
compiling main.c...
compiling stm32f4xx_it.c...
assembling startup_stm32f4xx.s...
compiling system_stm32f4xx.c...
compiling timers.c...
compiling croutine.c...
compiling list.c...
compiling queue.c...
compiling tasks.c...
compiling port.c...
compiling heap_2.c...
compiling ff.c...
compiling fattime.c...
compiling diskio.c...
linking...
Program Size: Code=6624 RO-data=424 RW-data=128 ZI-data=42344  
".\obj\tmr-fc.axf" - 0 Error(s), 0 Warning(s).
Clean started: Project: 'tmr-fc'
   deleting intermediate output files for target 'TMR-FC'
Rebuild target 'TMR-FC'
compiling main.c...
compiling stm32f4xx_it.c...
assembling startup_stm32f4xx.s...
compiling system_stm32f4xx.c...
compiling timers.c...
compiling croutine.c...
compiling list.c...
compiling queue.c...
compiling tasks.c...
compiling port.c...
compiling heap_2.c...
compiling ff.c...
compiling fattime.c...
compiling diskio.c...
linking...
Program Size: Code=8716 RO-data=424 RW-data=128 ZI-data=42344  
".\obj\tmr-fc.axf" - 0 Error(s), 0 Warning(s).
 
*** Rebuilding with Cross-Module Feedback:
Rebuild target 'TMR-FC'
compiling main.c...
compiling stm32f4xx_it.c...
assembling startup_stm32f4xx.s...
compiling system_stm32f4xx.c...
compiling timers.c...
compiling croutine.c...
compiling list.c...
compiling queue.c...
compiling tasks.c...
compiling port.c...
compiling heap_2.c...
compiling ff.c...
compiling fattime.c...
compiling diskio.c...
linking...
Program Size: Code=6624 RO-data=424 RW-data=128 ZI-data=42344  
".\obj\tmr-fc.axf" - 0 Error(s), 0 Warning(s).
Clean started: Project: 'tmr-fc'
   deleting intermediate output files for target 'TMR-FC'
Build target 'TMR-FC'
compiling main.c...
compiling stm32f4xx_it.c...
assembling startup_stm32f4xx.s...
compiling system_stm32f4xx.c...
compiling timers.c...
compiling croutine.c...
compiling list.c...
compiling queue.c...
compiling tasks.c...
compiling port.c...
compiling heap_2.c...
compiling ff.c...
compiling fattime.c...
compiling diskio.c...
linking...
Program Size: Code=8716 RO-data=424 RW-data=128 ZI-data=42344  
".\obj\tmr-fc.axf" - 0 Error(s), 0 Warning(s).
 
*** Rebuilding with Cross-Module Feedback:
Rebuild target 'TMR-FC'
compiling main.c...
compiling stm32f4xx_it.c...
assembling startup_stm32f4xx.s...
compiling system_stm32f4xx.c...
compiling timers.c...
compiling croutine.c...
compiling list.c...
compiling queue.c...
compiling tasks.c...
compiling port.c...
compiling heap_2.c...
compiling ff.c...
compiling fattime.c...
compiling diskio.c...
linking...
Program Size: Code=6624 RO-data=424 RW-data=128 ZI-data=42344  
".\obj\tmr-fc.axf" - 0 Error(s), 0 Warning(s).
Clean started: Project: 'tmr-fc'
   deleting intermediate output files for target 'TMR-FC'
